08:53:53 **** Incremental Build of configuration Debug for project STM32F407_SPI_UART_FreeRTOS ****
make all 
arm-none-eabi-gcc -c "../Src/freertos.c" -mcpu=cortex-m4 -std=gnu11 -g3 '-D__weak=__attribute__((weak))' '-D__packed=__attribute__((__packed__))' -DUSE_HAL_DRIVER -DSTM32F407xx -c -I../Inc -IC:/Users/vivek/STM32Cube/Repository/STM32Cube_FW_F4_V1.25.2/Drivers/STM32F4xx_HAL_Driver/Inc -IC:/Users/vivek/STM32Cube/Repository/STM32Cube_FW_F4_V1.25.2/Drivers/STM32F4xx_HAL_Driver/Inc/Legacy -IC:/Users/vivek/STM32Cube/Repository/STM32Cube_FW_F4_V1.25.2/Middlewares/Third_Party/FreeRTOS/Source/portable/GCC/ARM_CM4F -IC:/Users/vivek/STM32Cube/Repository/STM32Cube_FW_F4_V1.25.2/Drivers/CMSIS/Device/ST/STM32F4xx/Include -IC:/Users/vivek/STM32Cube/Repository/STM32Cube_FW_F4_V1.25.2/Middlewares/Third_Party/FreeRTOS/Source/include -IC:/Users/vivek/STM32Cube/Repository/STM32Cube_FW_F4_V1.25.2/Middlewares/Third_Party/FreeRTOS/Source/CMSIS_RTOS -IC:/Users/vivek/STM32Cube/Repository/STM32Cube_FW_F4_V1.25.2/Drivers/CMSIS/Include -Os -ffunction-sections -fdata-sections -Wall -fstack-usage -MMD -MP -MF"Src/freertos.d" -MT"Src/freertos.o" --specs=nano.specs -mfpu=fpv4-sp-d16 -mfloat-abi=hard -mthumb -o "Src/freertos.o"
arm-none-eabi-gcc -c "../Src/main.c" -mcpu=cortex-m4 -std=gnu11 -g3 '-D__weak=__attribute__((weak))' '-D__packed=__attribute__((__packed__))' -DUSE_HAL_DRIVER -DSTM32F407xx -c -I../Inc -IC:/Users/vivek/STM32Cube/Repository/STM32Cube_FW_F4_V1.25.2/Drivers/STM32F4xx_HAL_Driver/Inc -IC:/Users/vivek/STM32Cube/Repository/STM32Cube_FW_F4_V1.25.2/Drivers/STM32F4xx_HAL_Driver/Inc/Legacy -IC:/Users/vivek/STM32Cube/Repository/STM32Cube_FW_F4_V1.25.2/Middlewares/Third_Party/FreeRTOS/Source/portable/GCC/ARM_CM4F -IC:/Users/vivek/STM32Cube/Repository/STM32Cube_FW_F4_V1.25.2/Drivers/CMSIS/Device/ST/STM32F4xx/Include -IC:/Users/vivek/STM32Cube/Repository/STM32Cube_FW_F4_V1.25.2/Middlewares/Third_Party/FreeRTOS/Source/include -IC:/Users/vivek/STM32Cube/Repository/STM32Cube_FW_F4_V1.25.2/Middlewares/Third_Party/FreeRTOS/Source/CMSIS_RTOS -IC:/Users/vivek/STM32Cube/Repository/STM32Cube_FW_F4_V1.25.2/Drivers/CMSIS/Include -Os -ffunction-sections -fdata-sections -Wall -fstack-usage -MMD -MP -MF"Src/main.d" -MT"Src/main.o" --specs=nano.specs -mfpu=fpv4-sp-d16 -mfloat-abi=hard -mthumb -o "Src/main.o"
../Src/main.c: In function 'UART_task1':
../Src/main.c:86:10: warning: unused variable 'pData' [-Wunused-variable]
  uint8_t pData[100];
          ^~~~~
../Src/main.c: In function 'SPI_task2':
../Src/main.c:101:3: warning: implicit declaration of function 'memset' [-Wimplicit-function-declaration]
   memset(pData,'\0', sizeof(pData));
   ^~~~~~
../Src/main.c:101:3: warning: incompatible implicit declaration of built-in function 'memset'
../Src/main.c:101:3: note: include '<string.h>' or provide a declaration of 'memset'
arm-none-eabi-gcc -c "../Src/stm32f4xx_hal_msp.c" -mcpu=cortex-m4 -std=gnu11 -g3 '-D__weak=__attribute__((weak))' '-D__packed=__attribute__((__packed__))' -DUSE_HAL_DRIVER -DSTM32F407xx -c -I../Inc -IC:/Users/vivek/STM32Cube/Repository/STM32Cube_FW_F4_V1.25.2/Drivers/STM32F4xx_HAL_Driver/Inc -IC:/Users/vivek/STM32Cube/Repository/STM32Cube_FW_F4_V1.25.2/Drivers/STM32F4xx_HAL_Driver/Inc/Legacy -IC:/Users/vivek/STM32Cube/Repository/STM32Cube_FW_F4_V1.25.2/Middlewares/Third_Party/FreeRTOS/Source/portable/GCC/ARM_CM4F -IC:/Users/vivek/STM32Cube/Repository/STM32Cube_FW_F4_V1.25.2/Drivers/CMSIS/Device/ST/STM32F4xx/Include -IC:/Users/vivek/STM32Cube/Repository/STM32Cube_FW_F4_V1.25.2/Middlewares/Third_Party/FreeRTOS/Source/include -IC:/Users/vivek/STM32Cube/Repository/STM32Cube_FW_F4_V1.25.2/Middlewares/Third_Party/FreeRTOS/Source/CMSIS_RTOS -IC:/Users/vivek/STM32Cube/Repository/STM32Cube_FW_F4_V1.25.2/Drivers/CMSIS/Include -Os -ffunction-sections -fdata-sections -Wall -fstack-usage -MMD -MP -MF"Src/stm32f4xx_hal_msp.d" -MT"Src/stm32f4xx_hal_msp.o" --specs=nano.specs -mfpu=fpv4-sp-d16 -mfloat-abi=hard -mthumb -o "Src/stm32f4xx_hal_msp.o"
arm-none-eabi-gcc -c "../Src/stm32f4xx_hal_timebase_TIM.c" -mcpu=cortex-m4 -std=gnu11 -g3 '-D__weak=__attribute__((weak))' '-D__packed=__attribute__((__packed__))' -DUSE_HAL_DRIVER -DSTM32F407xx -c -I../Inc -IC:/Users/vivek/STM32Cube/Repository/STM32Cube_FW_F4_V1.25.2/Drivers/STM32F4xx_HAL_Driver/Inc -IC:/Users/vivek/STM32Cube/Repository/STM32Cube_FW_F4_V1.25.2/Drivers/STM32F4xx_HAL_Driver/Inc/Legacy -IC:/Users/vivek/STM32Cube/Repository/STM32Cube_FW_F4_V1.25.2/Middlewares/Third_Party/FreeRTOS/Source/portable/GCC/ARM_CM4F -IC:/Users/vivek/STM32Cube/Repository/STM32Cube_FW_F4_V1.25.2/Drivers/CMSIS/Device/ST/STM32F4xx/Include -IC:/Users/vivek/STM32Cube/Repository/STM32Cube_FW_F4_V1.25.2/Middlewares/Third_Party/FreeRTOS/Source/include -IC:/Users/vivek/STM32Cube/Repository/STM32Cube_FW_F4_V1.25.2/Middlewares/Third_Party/FreeRTOS/Source/CMSIS_RTOS -IC:/Users/vivek/STM32Cube/Repository/STM32Cube_FW_F4_V1.25.2/Drivers/CMSIS/Include -Os -ffunction-sections -fdata-sections -Wall -fstack-usage -MMD -MP -MF"Src/stm32f4xx_hal_timebase_TIM.d" -MT"Src/stm32f4xx_hal_timebase_TIM.o" --specs=nano.specs -mfpu=fpv4-sp-d16 -mfloat-abi=hard -mthumb -o "Src/stm32f4xx_hal_timebase_TIM.o"
arm-none-eabi-gcc -c "../Src/stm32f4xx_it.c" -mcpu=cortex-m4 -std=gnu11 -g3 '-D__weak=__attribute__((weak))' '-D__packed=__attribute__((__packed__))' -DUSE_HAL_DRIVER -DSTM32F407xx -c -I../Inc -IC:/Users/vivek/STM32Cube/Repository/STM32Cube_FW_F4_V1.25.2/Drivers/STM32F4xx_HAL_Driver/Inc -IC:/Users/vivek/STM32Cube/Repository/STM32Cube_FW_F4_V1.25.2/Drivers/STM32F4xx_HAL_Driver/Inc/Legacy -IC:/Users/vivek/STM32Cube/Repository/STM32Cube_FW_F4_V1.25.2/Middlewares/Third_Party/FreeRTOS/Source/portable/GCC/ARM_CM4F -IC:/Users/vivek/STM32Cube/Repository/STM32Cube_FW_F4_V1.25.2/Drivers/CMSIS/Device/ST/STM32F4xx/Include -IC:/Users/vivek/STM32Cube/Repository/STM32Cube_FW_F4_V1.25.2/Middlewares/Third_Party/FreeRTOS/Source/include -IC:/Users/vivek/STM32Cube/Repository/STM32Cube_FW_F4_V1.25.2/Middlewares/Third_Party/FreeRTOS/Source/CMSIS_RTOS -IC:/Users/vivek/STM32Cube/Repository/STM32Cube_FW_F4_V1.25.2/Drivers/CMSIS/Include -Os -ffunction-sections -fdata-sections -Wall -fstack-usage -MMD -MP -MF"Src/stm32f4xx_it.d" -MT"Src/stm32f4xx_it.o" --specs=nano.specs -mfpu=fpv4-sp-d16 -mfloat-abi=hard -mthumb -o "Src/stm32f4xx_it.o"
arm-none-eabi-gcc -c "../Src/system_stm32f4xx.c" -mcpu=cortex-m4 -std=gnu11 -g3 '-D__weak=__attribute__((weak))' '-D__packed=__attribute__((__packed__))' -DUSE_HAL_DRIVER -DSTM32F407xx -c -I../Inc -IC:/Users/vivek/STM32Cube/Repository/STM32Cube_FW_F4_V1.25.2/Drivers/STM32F4xx_HAL_Driver/Inc -IC:/Users/vivek/STM32Cube/Repository/STM32Cube_FW_F4_V1.25.2/Drivers/STM32F4xx_HAL_Driver/Inc/Legacy -IC:/Users/vivek/STM32Cube/Repository/STM32Cube_FW_F4_V1.25.2/Middlewares/Third_Party/FreeRTOS/Source/portable/GCC/ARM_CM4F -IC:/Users/vivek/STM32Cube/Repository/STM32Cube_FW_F4_V1.25.2/Drivers/CMSIS/Device/ST/STM32F4xx/Include -IC:/Users/vivek/STM32Cube/Repository/STM32Cube_FW_F4_V1.25.2/Middlewares/Third_Party/FreeRTOS/Source/include -IC:/Users/vivek/STM32Cube/Repository/STM32Cube_FW_F4_V1.25.2/Middlewares/Third_Party/FreeRTOS/Source/CMSIS_RTOS -IC:/Users/vivek/STM32Cube/Repository/STM32Cube_FW_F4_V1.25.2/Drivers/CMSIS/Include -Os -ffunction-sections -fdata-sections -Wall -fstack-usage -MMD -MP -MF"Src/system_stm32f4xx.d" -MT"Src/system_stm32f4xx.o" --specs=nano.specs -mfpu=fpv4-sp-d16 -mfloat-abi=hard -mthumb -o "Src/system_stm32f4xx.o"
arm-none-eabi-gcc -c "C:/Users/vivek/STM32Cube/Repository/STM32Cube_FW_F4_V1.25.2/Middlewares/Third_Party/FreeRTOS/Source/CMSIS_RTOS/cmsis_os.c" -mcpu=cortex-m4 -std=gnu11 -g3 '-D__weak=__attribute__((weak))' '-D__packed=__attribute__((__packed__))' -DUSE_HAL_DRIVER -DSTM32F407xx -c -I../Inc -IC:/Users/vivek/STM32Cube/Repository/STM32Cube_FW_F4_V1.25.2/Drivers/STM32F4xx_HAL_Driver/Inc -IC:/Users/vivek/STM32Cube/Repository/STM32Cube_FW_F4_V1.25.2/Drivers/STM32F4xx_HAL_Driver/Inc/Legacy -IC:/Users/vivek/STM32Cube/Repository/STM32Cube_FW_F4_V1.25.2/Middlewares/Third_Party/FreeRTOS/Source/portable/GCC/ARM_CM4F -IC:/Users/vivek/STM32Cube/Repository/STM32Cube_FW_F4_V1.25.2/Drivers/CMSIS/Device/ST/STM32F4xx/Include -IC:/Users/vivek/STM32Cube/Repository/STM32Cube_FW_F4_V1.25.2/Middlewares/Third_Party/FreeRTOS/Source/include -IC:/Users/vivek/STM32Cube/Repository/STM32Cube_FW_F4_V1.25.2/Middlewares/Third_Party/FreeRTOS/Source/CMSIS_RTOS -IC:/Users/vivek/STM32Cube/Repository/STM32Cube_FW_F4_V1.25.2/Drivers/CMSIS/Include -Os -ffunction-sections -fdata-sections -Wall -fstack-usage -MMD -MP -MF"Middlewares/FreeRTOS/cmsis_os.d" -MT"Middlewares/FreeRTOS/cmsis_os.o" --specs=nano.specs -mfpu=fpv4-sp-d16 -mfloat-abi=hard -mthumb -o "Middlewares/FreeRTOS/cmsis_os.o"
arm-none-eabi-gcc -c "C:/Users/vivek/STM32Cube/Repository/STM32Cube_FW_F4_V1.25.2/Middlewares/Third_Party/FreeRTOS/Source/croutine.c" -mcpu=cortex-m4 -std=gnu11 -g3 '-D__weak=__attribute__((weak))' '-D__packed=__attribute__((__packed__))' -DUSE_HAL_DRIVER -DSTM32F407xx -c -I../Inc -IC:/Users/vivek/STM32Cube/Repository/STM32Cube_FW_F4_V1.25.2/Drivers/STM32F4xx_HAL_Driver/Inc -IC:/Users/vivek/STM32Cube/Repository/STM32Cube_FW_F4_V1.25.2/Drivers/STM32F4xx_HAL_Driver/Inc/Legacy -IC:/Users/vivek/STM32Cube/Repository/STM32Cube_FW_F4_V1.25.2/Middlewares/Third_Party/FreeRTOS/Source/portable/GCC/ARM_CM4F -IC:/Users/vivek/STM32Cube/Repository/STM32Cube_FW_F4_V1.25.2/Drivers/CMSIS/Device/ST/STM32F4xx/Include -IC:/Users/vivek/STM32Cube/Repository/STM32Cube_FW_F4_V1.25.2/Middlewares/Third_Party/FreeRTOS/Source/include -IC:/Users/vivek/STM32Cube/Repository/STM32Cube_FW_F4_V1.25.2/Middlewares/Third_Party/FreeRTOS/Source/CMSIS_RTOS -IC:/Users/vivek/STM32Cube/Repository/STM32Cube_FW_F4_V1.25.2/Drivers/CMSIS/Include -Os -ffunction-sections -fdata-sections -Wall -fstack-usage -MMD -MP -MF"Middlewares/FreeRTOS/croutine.d" -MT"Middlewares/FreeRTOS/croutine.o" --specs=nano.specs -mfpu=fpv4-sp-d16 -mfloat-abi=hard -mthumb -o "Middlewares/FreeRTOS/croutine.o"
arm-none-eabi-gcc -c "C:/Users/vivek/STM32Cube/Repository/STM32Cube_FW_F4_V1.25.2/Middlewares/Third_Party/FreeRTOS/Source/event_groups.c" -mcpu=cortex-m4 -std=gnu11 -g3 '-D__weak=__attribute__((weak))' '-D__packed=__attribute__((__packed__))' -DUSE_HAL_DRIVER -DSTM32F407xx -c -I../Inc -IC:/Users/vivek/STM32Cube/Repository/STM32Cube_FW_F4_V1.25.2/Drivers/STM32F4xx_HAL_Driver/Inc -IC:/Users/vivek/STM32Cube/Repository/STM32Cube_FW_F4_V1.25.2/Drivers/STM32F4xx_HAL_Driver/Inc/Legacy -IC:/Users/vivek/STM32Cube/Repository/STM32Cube_FW_F4_V1.25.2/Middlewares/Third_Party/FreeRTOS/Source/portable/GCC/ARM_CM4F -IC:/Users/vivek/STM32Cube/Repository/STM32Cube_FW_F4_V1.25.2/Drivers/CMSIS/Device/ST/STM32F4xx/Include -IC:/Users/vivek/STM32Cube/Repository/STM32Cube_FW_F4_V1.25.2/Middlewares/Third_Party/FreeRTOS/Source/include -IC:/Users/vivek/STM32Cube/Repository/STM32Cube_FW_F4_V1.25.2/Middlewares/Third_Party/FreeRTOS/Source/CMSIS_RTOS -IC:/Users/vivek/STM32Cube/Repository/STM32Cube_FW_F4_V1.25.2/Drivers/CMSIS/Include -Os -ffunction-sections -fdata-sections -Wall -fstack-usage -MMD -MP -MF"Middlewares/FreeRTOS/event_groups.d" -MT"Middlewares/FreeRTOS/event_groups.o" --specs=nano.specs -mfpu=fpv4-sp-d16 -mfloat-abi=hard -mthumb -o "Middlewares/FreeRTOS/event_groups.o"
arm-none-eabi-gcc -c "C:/Users/vivek/STM32Cube/Repository/STM32Cube_FW_F4_V1.25.2/Middlewares/Third_Party/FreeRTOS/Source/portable/MemMang/heap_4.c" -mcpu=cortex-m4 -std=gnu11 -g3 '-D__weak=__attribute__((weak))' '-D__packed=__attribute__((__packed__))' -DUSE_HAL_DRIVER -DSTM32F407xx -c -I../Inc -IC:/Users/vivek/STM32Cube/Repository/STM32Cube_FW_F4_V1.25.2/Drivers/STM32F4xx_HAL_Driver/Inc -IC:/Users/vivek/STM32Cube/Repository/STM32Cube_FW_F4_V1.25.2/Drivers/STM32F4xx_HAL_Driver/Inc/Legacy -IC:/Users/vivek/STM32Cube/Repository/STM32Cube_FW_F4_V1.25.2/Middlewares/Third_Party/FreeRTOS/Source/portable/GCC/ARM_CM4F -IC:/Users/vivek/STM32Cube/Repository/STM32Cube_FW_F4_V1.25.2/Drivers/CMSIS/Device/ST/STM32F4xx/Include -IC:/Users/vivek/STM32Cube/Repository/STM32Cube_FW_F4_V1.25.2/Middlewares/Third_Party/FreeRTOS/Source/include -IC:/Users/vivek/STM32Cube/Repository/STM32Cube_FW_F4_V1.25.2/Middlewares/Third_Party/FreeRTOS/Source/CMSIS_RTOS -IC:/Users/vivek/STM32Cube/Repository/STM32Cube_FW_F4_V1.25.2/Drivers/CMSIS/Include -Os -ffunction-sections -fdata-sections -Wall -fstack-usage -MMD -MP -MF"Middlewares/FreeRTOS/heap_4.d" -MT"Middlewares/FreeRTOS/heap_4.o" --specs=nano.specs -mfpu=fpv4-sp-d16 -mfloat-abi=hard -mthumb -o "Middlewares/FreeRTOS/heap_4.o"
arm-none-eabi-gcc -c "C:/Users/vivek/STM32Cube/Repository/STM32Cube_FW_F4_V1.25.2/Middlewares/Third_Party/FreeRTOS/Source/list.c" -mcpu=cortex-m4 -std=gnu11 -g3 '-D__weak=__attribute__((weak))' '-D__packed=__attribute__((__packed__))' -DUSE_HAL_DRIVER -DSTM32F407xx -c -I../Inc -IC:/Users/vivek/STM32Cube/Repository/STM32Cube_FW_F4_V1.25.2/Drivers/STM32F4xx_HAL_Driver/Inc -IC:/Users/vivek/STM32Cube/Repository/STM32Cube_FW_F4_V1.25.2/Drivers/STM32F4xx_HAL_Driver/Inc/Legacy -IC:/Users/vivek/STM32Cube/Repository/STM32Cube_FW_F4_V1.25.2/Middlewares/Third_Party/FreeRTOS/Source/portable/GCC/ARM_CM4F -IC:/Users/vivek/STM32Cube/Repository/STM32Cube_FW_F4_V1.25.2/Drivers/CMSIS/Device/ST/STM32F4xx/Include -IC:/Users/vivek/STM32Cube/Repository/STM32Cube_FW_F4_V1.25.2/Middlewares/Third_Party/FreeRTOS/Source/include -IC:/Users/vivek/STM32Cube/Repository/STM32Cube_FW_F4_V1.25.2/Middlewares/Third_Party/FreeRTOS/Source/CMSIS_RTOS -IC:/Users/vivek/STM32Cube/Repository/STM32Cube_FW_F4_V1.25.2/Drivers/CMSIS/Include -Os -ffunction-sections -fdata-sections -Wall -fstack-usage -MMD -MP -MF"Middlewares/FreeRTOS/list.d" -MT"Middlewares/FreeRTOS/list.o" --specs=nano.specs -mfpu=fpv4-sp-d16 -mfloat-abi=hard -mthumb -o "Middlewares/FreeRTOS/list.o"
arm-none-eabi-gcc -c "C:/Users/vivek/STM32Cube/Repository/STM32Cube_FW_F4_V1.25.2/Middlewares/Third_Party/FreeRTOS/Source/portable/GCC/ARM_CM4F/port.c" -mcpu=cortex-m4 -std=gnu11 -g3 '-D__weak=__attribute__((weak))' '-D__packed=__attribute__((__packed__))' -DUSE_HAL_DRIVER -DSTM32F407xx -c -I../Inc -IC:/Users/vivek/STM32Cube/Repository/STM32Cube_FW_F4_V1.25.2/Drivers/STM32F4xx_HAL_Driver/Inc -IC:/Users/vivek/STM32Cube/Repository/STM32Cube_FW_F4_V1.25.2/Drivers/STM32F4xx_HAL_Driver/Inc/Legacy -IC:/Users/vivek/STM32Cube/Repository/STM32Cube_FW_F4_V1.25.2/Middlewares/Third_Party/FreeRTOS/Source/portable/GCC/ARM_CM4F -IC:/Users/vivek/STM32Cube/Repository/STM32Cube_FW_F4_V1.25.2/Drivers/CMSIS/Device/ST/STM32F4xx/Include -IC:/Users/vivek/STM32Cube/Repository/STM32Cube_FW_F4_V1.25.2/Middlewares/Third_Party/FreeRTOS/Source/include -IC:/Users/vivek/STM32Cube/Repository/STM32Cube_FW_F4_V1.25.2/Middlewares/Third_Party/FreeRTOS/Source/CMSIS_RTOS -IC:/Users/vivek/STM32Cube/Repository/STM32Cube_FW_F4_V1.25.2/Drivers/CMSIS/Include -Os -ffunction-sections -fdata-sections -Wall -fstack-usage -MMD -MP -MF"Middlewares/FreeRTOS/port.d" -MT"Middlewares/FreeRTOS/port.o" --specs=nano.specs -mfpu=fpv4-sp-d16 -mfloat-abi=hard -mthumb -o "Middlewares/FreeRTOS/port.o"
arm-none-eabi-gcc -c "C:/Users/vivek/STM32Cube/Repository/STM32Cube_FW_F4_V1.25.2/Middlewares/Third_Party/FreeRTOS/Source/queue.c" -mcpu=cortex-m4 -std=gnu11 -g3 '-D__weak=__attribute__((weak))' '-D__packed=__attribute__((__packed__))' -DUSE_HAL_DRIVER -DSTM32F407xx -c -I../Inc -IC:/Users/vivek/STM32Cube/Repository/STM32Cube_FW_F4_V1.25.2/Drivers/STM32F4xx_HAL_Driver/Inc -IC:/Users/vivek/STM32Cube/Repository/STM32Cube_FW_F4_V1.25.2/Drivers/STM32F4xx_HAL_Driver/Inc/Legacy -IC:/Users/vivek/STM32Cube/Repository/STM32Cube_FW_F4_V1.25.2/Middlewares/Third_Party/FreeRTOS/Source/portable/GCC/ARM_CM4F -IC:/Users/vivek/STM32Cube/Repository/STM32Cube_FW_F4_V1.25.2/Drivers/CMSIS/Device/ST/STM32F4xx/Include -IC:/Users/vivek/STM32Cube/Repository/STM32Cube_FW_F4_V1.25.2/Middlewares/Third_Party/FreeRTOS/Source/include -IC:/Users/vivek/STM32Cube/Repository/STM32Cube_FW_F4_V1.25.2/Middlewares/Third_Party/FreeRTOS/Source/CMSIS_RTOS -IC:/Users/vivek/STM32Cube/Repository/STM32Cube_FW_F4_V1.25.2/Drivers/CMSIS/Include -Os -ffunction-sections -fdata-sections -Wall -fstack-usage -MMD -MP -MF"Middlewares/FreeRTOS/queue.d" -MT"Middlewares/FreeRTOS/queue.o" --specs=nano.specs -mfpu=fpv4-sp-d16 -mfloat-abi=hard -mthumb -o "Middlewares/FreeRTOS/queue.o"
arm-none-eabi-gcc -c "C:/Users/vivek/STM32Cube/Repository/STM32Cube_FW_F4_V1.25.2/Middlewares/Third_Party/FreeRTOS/Source/stream_buffer.c" -mcpu=cortex-m4 -std=gnu11 -g3 '-D__weak=__attribute__((weak))' '-D__packed=__attribute__((__packed__))' -DUSE_HAL_DRIVER -DSTM32F407xx -c -I../Inc -IC:/Users/vivek/STM32Cube/Repository/STM32Cube_FW_F4_V1.25.2/Drivers/STM32F4xx_HAL_Driver/Inc -IC:/Users/vivek/STM32Cube/Repository/STM32Cube_FW_F4_V1.25.2/Drivers/STM32F4xx_HAL_Driver/Inc/Legacy -IC:/Users/vivek/STM32Cube/Repository/STM32Cube_FW_F4_V1.25.2/Middlewares/Third_Party/FreeRTOS/Source/portable/GCC/ARM_CM4F -IC:/Users/vivek/STM32Cube/Repository/STM32Cube_FW_F4_V1.25.2/Drivers/CMSIS/Device/ST/STM32F4xx/Include -IC:/Users/vivek/STM32Cube/Repository/STM32Cube_FW_F4_V1.25.2/Middlewares/Third_Party/FreeRTOS/Source/include -IC:/Users/vivek/STM32Cube/Repository/STM32Cube_FW_F4_V1.25.2/Middlewares/Third_Party/FreeRTOS/Source/CMSIS_RTOS -IC:/Users/vivek/STM32Cube/Repository/STM32Cube_FW_F4_V1.25.2/Drivers/CMSIS/Include -Os -ffunction-sections -fdata-sections -Wall -fstack-usage -MMD -MP -MF"Middlewares/FreeRTOS/stream_buffer.d" -MT"Middlewares/FreeRTOS/stream_buffer.o" --specs=nano.specs -mfpu=fpv4-sp-d16 -mfloat-abi=hard -mthumb -o "Middlewares/FreeRTOS/stream_buffer.o"
arm-none-eabi-gcc -c "C:/Users/vivek/STM32Cube/Repository/STM32Cube_FW_F4_V1.25.2/Middlewares/Third_Party/FreeRTOS/Source/tasks.c" -mcpu=cortex-m4 -std=gnu11 -g3 '-D__weak=__attribute__((weak))' '-D__packed=__attribute__((__packed__))' -DUSE_HAL_DRIVER -DSTM32F407xx -c -I../Inc -IC:/Users/vivek/STM32Cube/Repository/STM32Cube_FW_F4_V1.25.2/Drivers/STM32F4xx_HAL_Driver/Inc -IC:/Users/vivek/STM32Cube/Repository/STM32Cube_FW_F4_V1.25.2/Drivers/STM32F4xx_HAL_Driver/Inc/Legacy -IC:/Users/vivek/STM32Cube/Repository/STM32Cube_FW_F4_V1.25.2/Middlewares/Third_Party/FreeRTOS/Source/portable/GCC/ARM_CM4F -IC:/Users/vivek/STM32Cube/Repository/STM32Cube_FW_F4_V1.25.2/Drivers/CMSIS/Device/ST/STM32F4xx/Include -IC:/Users/vivek/STM32Cube/Repository/STM32Cube_FW_F4_V1.25.2/Middlewares/Third_Party/FreeRTOS/Source/include -IC:/Users/vivek/STM32Cube/Repository/STM32Cube_FW_F4_V1.25.2/Middlewares/Third_Party/FreeRTOS/Source/CMSIS_RTOS -IC:/Users/vivek/STM32Cube/Repository/STM32Cube_FW_F4_V1.25.2/Drivers/CMSIS/Include -Os -ffunction-sections -fdata-sections -Wall -fstack-usage -MMD -MP -MF"Middlewares/FreeRTOS/tasks.d" -MT"Middlewares/FreeRTOS/tasks.o" --specs=nano.specs -mfpu=fpv4-sp-d16 -mfloat-abi=hard -mthumb -o "Middlewares/FreeRTOS/tasks.o"
arm-none-eabi-gcc -c "C:/Users/vivek/STM32Cube/Repository/STM32Cube_FW_F4_V1.25.2/Middlewares/Third_Party/FreeRTOS/Source/timers.c" -mcpu=cortex-m4 -std=gnu11 -g3 '-D__weak=__attribute__((weak))' '-D__packed=__attribute__((__packed__))' -DUSE_HAL_DRIVER -DSTM32F407xx -c -I../Inc -IC:/Users/vivek/STM32Cube/Repository/STM32Cube_FW_F4_V1.25.2/Drivers/STM32F4xx_HAL_Driver/Inc -IC:/Users/vivek/STM32Cube/Repository/STM32Cube_FW_F4_V1.25.2/Drivers/STM32F4xx_HAL_Driver/Inc/Legacy -IC:/Users/vivek/STM32Cube/Repository/STM32Cube_FW_F4_V1.25.2/Middlewares/Third_Party/FreeRTOS/Source/portable/GCC/ARM_CM4F -IC:/Users/vivek/STM32Cube/Repository/STM32Cube_FW_F4_V1.25.2/Drivers/CMSIS/Device/ST/STM32F4xx/Include -IC:/Users/vivek/STM32Cube/Repository/STM32Cube_FW_F4_V1.25.2/Middlewares/Third_Party/FreeRTOS/Source/include -IC:/Users/vivek/STM32Cube/Repository/STM32Cube_FW_F4_V1.25.2/Middlewares/Third_Party/FreeRTOS/Source/CMSIS_RTOS -IC:/Users/vivek/STM32Cube/Repository/STM32Cube_FW_F4_V1.25.2/Drivers/CMSIS/Include -Os -ffunction-sections -fdata-sections -Wall -fstack-usage -MMD -MP -MF"Middlewares/FreeRTOS/timers.d" -MT"Middlewares/FreeRTOS/timers.o" --specs=nano.specs -mfpu=fpv4-sp-d16 -mfloat-abi=hard -mthumb -o "Middlewares/FreeRTOS/timers.o"
arm-none-eabi-gcc -c "C:/Users/vivek/STM32Cube/Repository/STM32Cube_FW_F4_V1.25.2/Drivers/STM32F4xx_HAL_Driver/Src/stm32f4xx_hal.c" -mcpu=cortex-m4 -std=gnu11 -g3 '-D__weak=__attribute__((weak))' '-D__packed=__attribute__((__packed__))' -DUSE_HAL_DRIVER -DSTM32F407xx -c -I../Inc -IC:/Users/vivek/STM32Cube/Repository/STM32Cube_FW_F4_V1.25.2/Drivers/STM32F4xx_HAL_Driver/Inc -IC:/Users/vivek/STM32Cube/Repository/STM32Cube_FW_F4_V1.25.2/Drivers/STM32F4xx_HAL_Driver/Inc/Legacy -IC:/Users/vivek/STM32Cube/Repository/STM32Cube_FW_F4_V1.25.2/Middlewares/Third_Party/FreeRTOS/Source/portable/GCC/ARM_CM4F -IC:/Users/vivek/STM32Cube/Repository/STM32Cube_FW_F4_V1.25.2/Drivers/CMSIS/Device/ST/STM32F4xx/Include -IC:/Users/vivek/STM32Cube/Repository/STM32Cube_FW_F4_V1.25.2/Middlewares/Third_Party/FreeRTOS/Source/include -IC:/Users/vivek/STM32Cube/Repository/STM32Cube_FW_F4_V1.25.2/Middlewares/Third_Party/FreeRTOS/Source/CMSIS_RTOS -IC:/Users/vivek/STM32Cube/Repository/STM32Cube_FW_F4_V1.25.2/Drivers/CMSIS/Include -Os -ffunction-sections -fdata-sections -Wall -fstack-usage -MMD -MP -MF"Drivers/STM32F4xx_HAL_Driver/stm32f4xx_hal.d" -MT"Drivers/STM32F4xx_HAL_Driver/stm32f4xx_hal.o" --specs=nano.specs -mfpu=fpv4-sp-d16 -mfloat-abi=hard -mthumb -o "Drivers/STM32F4xx_HAL_Driver/stm32f4xx_hal.o"
arm-none-eabi-gcc -c "C:/Users/vivek/STM32Cube/Repository/STM32Cube_FW_F4_V1.25.2/Drivers/STM32F4xx_HAL_Driver/Src/stm32f4xx_hal_cortex.c" -mcpu=cortex-m4 -std=gnu11 -g3 '-D__weak=__attribute__((weak))' '-D__packed=__attribute__((__packed__))' -DUSE_HAL_DRIVER -DSTM32F407xx -c -I../Inc -IC:/Users/vivek/STM32Cube/Repository/STM32Cube_FW_F4_V1.25.2/Drivers/STM32F4xx_HAL_Driver/Inc -IC:/Users/vivek/STM32Cube/Repository/STM32Cube_FW_F4_V1.25.2/Drivers/STM32F4xx_HAL_Driver/Inc/Legacy -IC:/Users/vivek/STM32Cube/Repository/STM32Cube_FW_F4_V1.25.2/Middlewares/Third_Party/FreeRTOS/Source/portable/GCC/ARM_CM4F -IC:/Users/vivek/STM32Cube/Repository/STM32Cube_FW_F4_V1.25.2/Drivers/CMSIS/Device/ST/STM32F4xx/Include -IC:/Users/vivek/STM32Cube/Repository/STM32Cube_FW_F4_V1.25.2/Middlewares/Third_Party/FreeRTOS/Source/include -IC:/Users/vivek/STM32Cube/Repository/STM32Cube_FW_F4_V1.25.2/Middlewares/Third_Party/FreeRTOS/Source/CMSIS_RTOS -IC:/Users/vivek/STM32Cube/Repository/STM32Cube_FW_F4_V1.25.2/Drivers/CMSIS/Include -Os -ffunction-sections -fdata-sections -Wall -fstack-usage -MMD -MP -MF"Drivers/STM32F4xx_HAL_Driver/stm32f4xx_hal_cortex.d" -MT"Drivers/STM32F4xx_HAL_Driver/stm32f4xx_hal_cortex.o" --specs=nano.specs -mfpu=fpv4-sp-d16 -mfloat-abi=hard -mthumb -o "Drivers/STM32F4xx_HAL_Driver/stm32f4xx_hal_cortex.o"
arm-none-eabi-gcc -c "C:/Users/vivek/STM32Cube/Repository/STM32Cube_FW_F4_V1.25.2/Drivers/STM32F4xx_HAL_Driver/Src/stm32f4xx_hal_dma.c" -mcpu=cortex-m4 -std=gnu11 -g3 '-D__weak=__attribute__((weak))' '-D__packed=__attribute__((__packed__))' -DUSE_HAL_DRIVER -DSTM32F407xx -c -I../Inc -IC:/Users/vivek/STM32Cube/Repository/STM32Cube_FW_F4_V1.25.2/Drivers/STM32F4xx_HAL_Driver/Inc -IC:/Users/vivek/STM32Cube/Repository/STM32Cube_FW_F4_V1.25.2/Drivers/STM32F4xx_HAL_Driver/Inc/Legacy -IC:/Users/vivek/STM32Cube/Repository/STM32Cube_FW_F4_V1.25.2/Middlewares/Third_Party/FreeRTOS/Source/portable/GCC/ARM_CM4F -IC:/Users/vivek/STM32Cube/Repository/STM32Cube_FW_F4_V1.25.2/Drivers/CMSIS/Device/ST/STM32F4xx/Include -IC:/Users/vivek/STM32Cube/Repository/STM32Cube_FW_F4_V1.25.2/Middlewares/Third_Party/FreeRTOS/Source/include -IC:/Users/vivek/STM32Cube/Repository/STM32Cube_FW_F4_V1.25.2/Middlewares/Third_Party/FreeRTOS/Source/CMSIS_RTOS -IC:/Users/vivek/STM32Cube/Repository/STM32Cube_FW_F4_V1.25.2/Drivers/CMSIS/Include -Os -ffunction-sections -fdata-sections -Wall -fstack-usage -MMD -MP -MF"Drivers/STM32F4xx_HAL_Driver/stm32f4xx_hal_dma.d" -MT"Drivers/STM32F4xx_HAL_Driver/stm32f4xx_hal_dma.o" --specs=nano.specs -mfpu=fpv4-sp-d16 -mfloat-abi=hard -mthumb -o "Drivers/STM32F4xx_HAL_Driver/stm32f4xx_hal_dma.o"
arm-none-eabi-gcc -c "C:/Users/vivek/STM32Cube/Repository/STM32Cube_FW_F4_V1.25.2/Drivers/STM32F4xx_HAL_Driver/Src/stm32f4xx_hal_dma_ex.c" -mcpu=cortex-m4 -std=gnu11 -g3 '-D__weak=__attribute__((weak))' '-D__packed=__attribute__((__packed__))' -DUSE_HAL_DRIVER -DSTM32F407xx -c -I../Inc -IC:/Users/vivek/STM32Cube/Repository/STM32Cube_FW_F4_V1.25.2/Drivers/STM32F4xx_HAL_Driver/Inc -IC:/Users/vivek/STM32Cube/Repository/STM32Cube_FW_F4_V1.25.2/Drivers/STM32F4xx_HAL_Driver/Inc/Legacy -IC:/Users/vivek/STM32Cube/Repository/STM32Cube_FW_F4_V1.25.2/Middlewares/Third_Party/FreeRTOS/Source/portable/GCC/ARM_CM4F -IC:/Users/vivek/STM32Cube/Repository/STM32Cube_FW_F4_V1.25.2/Drivers/CMSIS/Device/ST/STM32F4xx/Include -IC:/Users/vivek/STM32Cube/Repository/STM32Cube_FW_F4_V1.25.2/Middlewares/Third_Party/FreeRTOS/Source/include -IC:/Users/vivek/STM32Cube/Repository/STM32Cube_FW_F4_V1.25.2/Middlewares/Third_Party/FreeRTOS/Source/CMSIS_RTOS -IC:/Users/vivek/STM32Cube/Repository/STM32Cube_FW_F4_V1.25.2/Drivers/CMSIS/Include -Os -ffunction-sections -fdata-sections -Wall -fstack-usage -MMD -MP -MF"Drivers/STM32F4xx_HAL_Driver/stm32f4xx_hal_dma_ex.d" -MT"Drivers/STM32F4xx_HAL_Driver/stm32f4xx_hal_dma_ex.o" --specs=nano.specs -mfpu=fpv4-sp-d16 -mfloat-abi=hard -mthumb -o "Drivers/STM32F4xx_HAL_Driver/stm32f4xx_hal_dma_ex.o"
arm-none-eabi-gcc -c "C:/Users/vivek/STM32Cube/Repository/STM32Cube_FW_F4_V1.25.2/Drivers/STM32F4xx_HAL_Driver/Src/stm32f4xx_hal_flash.c" -mcpu=cortex-m4 -std=gnu11 -g3 '-D__weak=__attribute__((weak))' '-D__packed=__attribute__((__packed__))' -DUSE_HAL_DRIVER -DSTM32F407xx -c -I../Inc -IC:/Users/vivek/STM32Cube/Repository/STM32Cube_FW_F4_V1.25.2/Drivers/STM32F4xx_HAL_Driver/Inc -IC:/Users/vivek/STM32Cube/Repository/STM32Cube_FW_F4_V1.25.2/Drivers/STM32F4xx_HAL_Driver/Inc/Legacy -IC:/Users/vivek/STM32Cube/Repository/STM32Cube_FW_F4_V1.25.2/Middlewares/Third_Party/FreeRTOS/Source/portable/GCC/ARM_CM4F -IC:/Users/vivek/STM32Cube/Repository/STM32Cube_FW_F4_V1.25.2/Drivers/CMSIS/Device/ST/STM32F4xx/Include -IC:/Users/vivek/STM32Cube/Repository/STM32Cube_FW_F4_V1.25.2/Middlewares/Third_Party/FreeRTOS/Source/include -IC:/Users/vivek/STM32Cube/Repository/STM32Cube_FW_F4_V1.25.2/Middlewares/Third_Party/FreeRTOS/Source/CMSIS_RTOS -IC:/Users/vivek/STM32Cube/Repository/STM32Cube_FW_F4_V1.25.2/Drivers/CMSIS/Include -Os -ffunction-sections -fdata-sections -Wall -fstack-usage -MMD -MP -MF"Drivers/STM32F4xx_HAL_Driver/stm32f4xx_hal_flash.d" -MT"Drivers/STM32F4xx_HAL_Driver/stm32f4xx_hal_flash.o" --specs=nano.specs -mfpu=fpv4-sp-d16 -mfloat-abi=hard -mthumb -o "Drivers/STM32F4xx_HAL_Driver/stm32f4xx_hal_flash.o"
arm-none-eabi-gcc -c "C:/Users/vivek/STM32Cube/Repository/STM32Cube_FW_F4_V1.25.2/Drivers/STM32F4xx_HAL_Driver/Src/stm32f4xx_hal_flash_ex.c" -mcpu=cortex-m4 -std=gnu11 -g3 '-D__weak=__attribute__((weak))' '-D__packed=__attribute__((__packed__))' -DUSE_HAL_DRIVER -DSTM32F407xx -c -I../Inc -IC:/Users/vivek/STM32Cube/Repository/STM32Cube_FW_F4_V1.25.2/Drivers/STM32F4xx_HAL_Driver/Inc -IC:/Users/vivek/STM32Cube/Repository/STM32Cube_FW_F4_V1.25.2/Drivers/STM32F4xx_HAL_Driver/Inc/Legacy -IC:/Users/vivek/STM32Cube/Repository/STM32Cube_FW_F4_V1.25.2/Middlewares/Third_Party/FreeRTOS/Source/portable/GCC/ARM_CM4F -IC:/Users/vivek/STM32Cube/Repository/STM32Cube_FW_F4_V1.25.2/Drivers/CMSIS/Device/ST/STM32F4xx/Include -IC:/Users/vivek/STM32Cube/Repository/STM32Cube_FW_F4_V1.25.2/Middlewares/Third_Party/FreeRTOS/Source/include -IC:/Users/vivek/STM32Cube/Repository/STM32Cube_FW_F4_V1.25.2/Middlewares/Third_Party/FreeRTOS/Source/CMSIS_RTOS -IC:/Users/vivek/STM32Cube/Repository/STM32Cube_FW_F4_V1.25.2/Drivers/CMSIS/Include -Os -ffunction-sections -fdata-sections -Wall -fstack-usage -MMD -MP -MF"Drivers/STM32F4xx_HAL_Driver/stm32f4xx_hal_flash_ex.d" -MT"Drivers/STM32F4xx_HAL_Driver/stm32f4xx_hal_flash_ex.o" --specs=nano.specs -mfpu=fpv4-sp-d16 -mfloat-abi=hard -mthumb -o "Drivers/STM32F4xx_HAL_Driver/stm32f4xx_hal_flash_ex.o"
arm-none-eabi-gcc -c "C:/Users/vivek/STM32Cube/Repository/STM32Cube_FW_F4_V1.25.2/Drivers/STM32F4xx_HAL_Driver/Src/stm32f4xx_hal_flash_ramfunc.c" -mcpu=cortex-m4 -std=gnu11 -g3 '-D__weak=__attribute__((weak))' '-D__packed=__attribute__((__packed__))' -DUSE_HAL_DRIVER -DSTM32F407xx -c -I../Inc -IC:/Users/vivek/STM32Cube/Repository/STM32Cube_FW_F4_V1.25.2/Drivers/STM32F4xx_HAL_Driver/Inc -IC:/Users/vivek/STM32Cube/Repository/STM32Cube_FW_F4_V1.25.2/Drivers/STM32F4xx_HAL_Driver/Inc/Legacy -IC:/Users/vivek/STM32Cube/Repository/STM32Cube_FW_F4_V1.25.2/Middlewares/Third_Party/FreeRTOS/Source/portable/GCC/ARM_CM4F -IC:/Users/vivek/STM32Cube/Repository/STM32Cube_FW_F4_V1.25.2/Drivers/CMSIS/Device/ST/STM32F4xx/Include -IC:/Users/vivek/STM32Cube/Repository/STM32Cube_FW_F4_V1.25.2/Middlewares/Third_Party/FreeRTOS/Source/include -IC:/Users/vivek/STM32Cube/Repository/STM32Cube_FW_F4_V1.25.2/Middlewares/Third_Party/FreeRTOS/Source/CMSIS_RTOS -IC:/Users/vivek/STM32Cube/Repository/STM32Cube_FW_F4_V1.25.2/Drivers/CMSIS/Include -Os -ffunction-sections -fdata-sections -Wall -fstack-usage -MMD -MP -MF"Drivers/STM32F4xx_HAL_Driver/stm32f4xx_hal_flash_ramfunc.d" -MT"Drivers/STM32F4xx_HAL_Driver/stm32f4xx_hal_flash_ramfunc.o" --specs=nano.specs -mfpu=fpv4-sp-d16 -mfloat-abi=hard -mthumb -o "Drivers/STM32F4xx_HAL_Driver/stm32f4xx_hal_flash_ramfunc.o"
arm-none-eabi-gcc -c "C:/Users/vivek/STM32Cube/Repository/STM32Cube_FW_F4_V1.25.2/Drivers/STM32F4xx_HAL_Driver/Src/stm32f4xx_hal_gpio.c" -mcpu=cortex-m4 -std=gnu11 -g3 '-D__weak=__attribute__((weak))' '-D__packed=__attribute__((__packed__))' -DUSE_HAL_DRIVER -DSTM32F407xx -c -I../Inc -IC:/Users/vivek/STM32Cube/Repository/STM32Cube_FW_F4_V1.25.2/Drivers/STM32F4xx_HAL_Driver/Inc -IC:/Users/vivek/STM32Cube/Repository/STM32Cube_FW_F4_V1.25.2/Drivers/STM32F4xx_HAL_Driver/Inc/Legacy -IC:/Users/vivek/STM32Cube/Repository/STM32Cube_FW_F4_V1.25.2/Middlewares/Third_Party/FreeRTOS/Source/portable/GCC/ARM_CM4F -IC:/Users/vivek/STM32Cube/Repository/STM32Cube_FW_F4_V1.25.2/Drivers/CMSIS/Device/ST/STM32F4xx/Include -IC:/Users/vivek/STM32Cube/Repository/STM32Cube_FW_F4_V1.25.2/Middlewares/Third_Party/FreeRTOS/Source/include -IC:/Users/vivek/STM32Cube/Repository/STM32Cube_FW_F4_V1.25.2/Middlewares/Third_Party/FreeRTOS/Source/CMSIS_RTOS -IC:/Users/vivek/STM32Cube/Repository/STM32Cube_FW_F4_V1.25.2/Drivers/CMSIS/Include -Os -ffunction-sections -fdata-sections -Wall -fstack-usage -MMD -MP -MF"Drivers/STM32F4xx_HAL_Driver/stm32f4xx_hal_gpio.d" -MT"Drivers/STM32F4xx_HAL_Driver/stm32f4xx_hal_gpio.o" --specs=nano.specs -mfpu=fpv4-sp-d16 -mfloat-abi=hard -mthumb -o "Drivers/STM32F4xx_HAL_Driver/stm32f4xx_hal_gpio.o"
arm-none-eabi-gcc -c "C:/Users/vivek/STM32Cube/Repository/STM32Cube_FW_F4_V1.25.2/Drivers/STM32F4xx_HAL_Driver/Src/stm32f4xx_hal_pwr.c" -mcpu=cortex-m4 -std=gnu11 -g3 '-D__weak=__attribute__((weak))' '-D__packed=__attribute__((__packed__))' -DUSE_HAL_DRIVER -DSTM32F407xx -c -I../Inc -IC:/Users/vivek/STM32Cube/Repository/STM32Cube_FW_F4_V1.25.2/Drivers/STM32F4xx_HAL_Driver/Inc -IC:/Users/vivek/STM32Cube/Repository/STM32Cube_FW_F4_V1.25.2/Drivers/STM32F4xx_HAL_Driver/Inc/Legacy -IC:/Users/vivek/STM32Cube/Repository/STM32Cube_FW_F4_V1.25.2/Middlewares/Third_Party/FreeRTOS/Source/portable/GCC/ARM_CM4F -IC:/Users/vivek/STM32Cube/Repository/STM32Cube_FW_F4_V1.25.2/Drivers/CMSIS/Device/ST/STM32F4xx/Include -IC:/Users/vivek/STM32Cube/Repository/STM32Cube_FW_F4_V1.25.2/Middlewares/Third_Party/FreeRTOS/Source/include -IC:/Users/vivek/STM32Cube/Repository/STM32Cube_FW_F4_V1.25.2/Middlewares/Third_Party/FreeRTOS/Source/CMSIS_RTOS -IC:/Users/vivek/STM32Cube/Repository/STM32Cube_FW_F4_V1.25.2/Drivers/CMSIS/Include -Os -ffunction-sections -fdata-sections -Wall -fstack-usage -MMD -MP -MF"Drivers/STM32F4xx_HAL_Driver/stm32f4xx_hal_pwr.d" -MT"Drivers/STM32F4xx_HAL_Driver/stm32f4xx_hal_pwr.o" --specs=nano.specs -mfpu=fpv4-sp-d16 -mfloat-abi=hard -mthumb -o "Drivers/STM32F4xx_HAL_Driver/stm32f4xx_hal_pwr.o"
arm-none-eabi-gcc -c "C:/Users/vivek/STM32Cube/Repository/STM32Cube_FW_F4_V1.25.2/Drivers/STM32F4xx_HAL_Driver/Src/stm32f4xx_hal_pwr_ex.c" -mcpu=cortex-m4 -std=gnu11 -g3 '-D__weak=__attribute__((weak))' '-D__packed=__attribute__((__packed__))' -DUSE_HAL_DRIVER -DSTM32F407xx -c -I../Inc -IC:/Users/vivek/STM32Cube/Repository/STM32Cube_FW_F4_V1.25.2/Drivers/STM32F4xx_HAL_Driver/Inc -IC:/Users/vivek/STM32Cube/Repository/STM32Cube_FW_F4_V1.25.2/Drivers/STM32F4xx_HAL_Driver/Inc/Legacy -IC:/Users/vivek/STM32Cube/Repository/STM32Cube_FW_F4_V1.25.2/Middlewares/Third_Party/FreeRTOS/Source/portable/GCC/ARM_CM4F -IC:/Users/vivek/STM32Cube/Repository/STM32Cube_FW_F4_V1.25.2/Drivers/CMSIS/Device/ST/STM32F4xx/Include -IC:/Users/vivek/STM32Cube/Repository/STM32Cube_FW_F4_V1.25.2/Middlewares/Third_Party/FreeRTOS/Source/include -IC:/Users/vivek/STM32Cube/Repository/STM32Cube_FW_F4_V1.25.2/Middlewares/Third_Party/FreeRTOS/Source/CMSIS_RTOS -IC:/Users/vivek/STM32Cube/Repository/STM32Cube_FW_F4_V1.25.2/Drivers/CMSIS/Include -Os -ffunction-sections -fdata-sections -Wall -fstack-usage -MMD -MP -MF"Drivers/STM32F4xx_HAL_Driver/stm32f4xx_hal_pwr_ex.d" -MT"Drivers/STM32F4xx_HAL_Driver/stm32f4xx_hal_pwr_ex.o" --specs=nano.specs -mfpu=fpv4-sp-d16 -mfloat-abi=hard -mthumb -o "Drivers/STM32F4xx_HAL_Driver/stm32f4xx_hal_pwr_ex.o"
arm-none-eabi-gcc -c "C:/Users/vivek/STM32Cube/Repository/STM32Cube_FW_F4_V1.25.2/Drivers/STM32F4xx_HAL_Driver/Src/stm32f4xx_hal_rcc.c" -mcpu=cortex-m4 -std=gnu11 -g3 '-D__weak=__attribute__((weak))' '-D__packed=__attribute__((__packed__))' -DUSE_HAL_DRIVER -DSTM32F407xx -c -I../Inc -IC:/Users/vivek/STM32Cube/Repository/STM32Cube_FW_F4_V1.25.2/Drivers/STM32F4xx_HAL_Driver/Inc -IC:/Users/vivek/STM32Cube/Repository/STM32Cube_FW_F4_V1.25.2/Drivers/STM32F4xx_HAL_Driver/Inc/Legacy -IC:/Users/vivek/STM32Cube/Repository/STM32Cube_FW_F4_V1.25.2/Middlewares/Third_Party/FreeRTOS/Source/portable/GCC/ARM_CM4F -IC:/Users/vivek/STM32Cube/Repository/STM32Cube_FW_F4_V1.25.2/Drivers/CMSIS/Device/ST/STM32F4xx/Include -IC:/Users/vivek/STM32Cube/Repository/STM32Cube_FW_F4_V1.25.2/Middlewares/Third_Party/FreeRTOS/Source/include -IC:/Users/vivek/STM32Cube/Repository/STM32Cube_FW_F4_V1.25.2/Middlewares/Third_Party/FreeRTOS/Source/CMSIS_RTOS -IC:/Users/vivek/STM32Cube/Repository/STM32Cube_FW_F4_V1.25.2/Drivers/CMSIS/Include -Os -ffunction-sections -fdata-sections -Wall -fstack-usage -MMD -MP -MF"Drivers/STM32F4xx_HAL_Driver/stm32f4xx_hal_rcc.d" -MT"Drivers/STM32F4xx_HAL_Driver/stm32f4xx_hal_rcc.o" --specs=nano.specs -mfpu=fpv4-sp-d16 -mfloat-abi=hard -mthumb -o "Drivers/STM32F4xx_HAL_Driver/stm32f4xx_hal_rcc.o"
arm-none-eabi-gcc -c "C:/Users/vivek/STM32Cube/Repository/STM32Cube_FW_F4_V1.25.2/Drivers/STM32F4xx_HAL_Driver/Src/stm32f4xx_hal_rcc_ex.c" -mcpu=cortex-m4 -std=gnu11 -g3 '-D__weak=__attribute__((weak))' '-D__packed=__attribute__((__packed__))' -DUSE_HAL_DRIVER -DSTM32F407xx -c -I../Inc -IC:/Users/vivek/STM32Cube/Repository/STM32Cube_FW_F4_V1.25.2/Drivers/STM32F4xx_HAL_Driver/Inc -IC:/Users/vivek/STM32Cube/Repository/STM32Cube_FW_F4_V1.25.2/Drivers/STM32F4xx_HAL_Driver/Inc/Legacy -IC:/Users/vivek/STM32Cube/Repository/STM32Cube_FW_F4_V1.25.2/Middlewares/Third_Party/FreeRTOS/Source/portable/GCC/ARM_CM4F -IC:/Users/vivek/STM32Cube/Repository/STM32Cube_FW_F4_V1.25.2/Drivers/CMSIS/Device/ST/STM32F4xx/Include -IC:/Users/vivek/STM32Cube/Repository/STM32Cube_FW_F4_V1.25.2/Middlewares/Third_Party/FreeRTOS/Source/include -IC:/Users/vivek/STM32Cube/Repository/STM32Cube_FW_F4_V1.25.2/Middlewares/Third_Party/FreeRTOS/Source/CMSIS_RTOS -IC:/Users/vivek/STM32Cube/Repository/STM32Cube_FW_F4_V1.25.2/Drivers/CMSIS/Include -Os -ffunction-sections -fdata-sections -Wall -fstack-usage -MMD -MP -MF"Drivers/STM32F4xx_HAL_Driver/stm32f4xx_hal_rcc_ex.d" -MT"Drivers/STM32F4xx_HAL_Driver/stm32f4xx_hal_rcc_ex.o" --specs=nano.specs -mfpu=fpv4-sp-d16 -mfloat-abi=hard -mthumb -o "Drivers/STM32F4xx_HAL_Driver/stm32f4xx_hal_rcc_ex.o"
arm-none-eabi-gcc -c "C:/Users/vivek/STM32Cube/Repository/STM32Cube_FW_F4_V1.25.2/Drivers/STM32F4xx_HAL_Driver/Src/stm32f4xx_hal_spi.c" -mcpu=cortex-m4 -std=gnu11 -g3 '-D__weak=__attribute__((weak))' '-D__packed=__attribute__((__packed__))' -DUSE_HAL_DRIVER -DSTM32F407xx -c -I../Inc -IC:/Users/vivek/STM32Cube/Repository/STM32Cube_FW_F4_V1.25.2/Drivers/STM32F4xx_HAL_Driver/Inc -IC:/Users/vivek/STM32Cube/Repository/STM32Cube_FW_F4_V1.25.2/Drivers/STM32F4xx_HAL_Driver/Inc/Legacy -IC:/Users/vivek/STM32Cube/Repository/STM32Cube_FW_F4_V1.25.2/Middlewares/Third_Party/FreeRTOS/Source/portable/GCC/ARM_CM4F -IC:/Users/vivek/STM32Cube/Repository/STM32Cube_FW_F4_V1.25.2/Drivers/CMSIS/Device/ST/STM32F4xx/Include -IC:/Users/vivek/STM32Cube/Repository/STM32Cube_FW_F4_V1.25.2/Middlewares/Third_Party/FreeRTOS/Source/include -IC:/Users/vivek/STM32Cube/Repository/STM32Cube_FW_F4_V1.25.2/Middlewares/Third_Party/FreeRTOS/Source/CMSIS_RTOS -IC:/Users/vivek/STM32Cube/Repository/STM32Cube_FW_F4_V1.25.2/Drivers/CMSIS/Include -Os -ffunction-sections -fdata-sections -Wall -fstack-usage -MMD -MP -MF"Drivers/STM32F4xx_HAL_Driver/stm32f4xx_hal_spi.d" -MT"Drivers/STM32F4xx_HAL_Driver/stm32f4xx_hal_spi.o" --specs=nano.specs -mfpu=fpv4-sp-d16 -mfloat-abi=hard -mthumb -o "Drivers/STM32F4xx_HAL_Driver/stm32f4xx_hal_spi.o"
arm-none-eabi-gcc -c "C:/Users/vivek/STM32Cube/Repository/STM32Cube_FW_F4_V1.25.2/Drivers/STM32F4xx_HAL_Driver/Src/stm32f4xx_hal_tim.c" -mcpu=cortex-m4 -std=gnu11 -g3 '-D__weak=__attribute__((weak))' '-D__packed=__attribute__((__packed__))' -DUSE_HAL_DRIVER -DSTM32F407xx -c -I../Inc -IC:/Users/vivek/STM32Cube/Repository/STM32Cube_FW_F4_V1.25.2/Drivers/STM32F4xx_HAL_Driver/Inc -IC:/Users/vivek/STM32Cube/Repository/STM32Cube_FW_F4_V1.25.2/Drivers/STM32F4xx_HAL_Driver/Inc/Legacy -IC:/Users/vivek/STM32Cube/Repository/STM32Cube_FW_F4_V1.25.2/Middlewares/Third_Party/FreeRTOS/Source/portable/GCC/ARM_CM4F -IC:/Users/vivek/STM32Cube/Repository/STM32Cube_FW_F4_V1.25.2/Drivers/CMSIS/Device/ST/STM32F4xx/Include -IC:/Users/vivek/STM32Cube/Repository/STM32Cube_FW_F4_V1.25.2/Middlewares/Third_Party/FreeRTOS/Source/include -IC:/Users/vivek/STM32Cube/Repository/STM32Cube_FW_F4_V1.25.2/Middlewares/Third_Party/FreeRTOS/Source/CMSIS_RTOS -IC:/Users/vivek/STM32Cube/Repository/STM32Cube_FW_F4_V1.25.2/Drivers/CMSIS/Include -Os -ffunction-sections -fdata-sections -Wall -fstack-usage -MMD -MP -MF"Drivers/STM32F4xx_HAL_Driver/stm32f4xx_hal_tim.d" -MT"Drivers/STM32F4xx_HAL_Driver/stm32f4xx_hal_tim.o" --specs=nano.specs -mfpu=fpv4-sp-d16 -mfloat-abi=hard -mthumb -o "Drivers/STM32F4xx_HAL_Driver/stm32f4xx_hal_tim.o"
arm-none-eabi-gcc -c "C:/Users/vivek/STM32Cube/Repository/STM32Cube_FW_F4_V1.25.2/Drivers/STM32F4xx_HAL_Driver/Src/stm32f4xx_hal_tim_ex.c" -mcpu=cortex-m4 -std=gnu11 -g3 '-D__weak=__attribute__((weak))' '-D__packed=__attribute__((__packed__))' -DUSE_HAL_DRIVER -DSTM32F407xx -c -I../Inc -IC:/Users/vivek/STM32Cube/Repository/STM32Cube_FW_F4_V1.25.2/Drivers/STM32F4xx_HAL_Driver/Inc -IC:/Users/vivek/STM32Cube/Repository/STM32Cube_FW_F4_V1.25.2/Drivers/STM32F4xx_HAL_Driver/Inc/Legacy -IC:/Users/vivek/STM32Cube/Repository/STM32Cube_FW_F4_V1.25.2/Middlewares/Third_Party/FreeRTOS/Source/portable/GCC/ARM_CM4F -IC:/Users/vivek/STM32Cube/Repository/STM32Cube_FW_F4_V1.25.2/Drivers/CMSIS/Device/ST/STM32F4xx/Include -IC:/Users/vivek/STM32Cube/Repository/STM32Cube_FW_F4_V1.25.2/Middlewares/Third_Party/FreeRTOS/Source/include -IC:/Users/vivek/STM32Cube/Repository/STM32Cube_FW_F4_V1.25.2/Middlewares/Third_Party/FreeRTOS/Source/CMSIS_RTOS -IC:/Users/vivek/STM32Cube/Repository/STM32Cube_FW_F4_V1.25.2/Drivers/CMSIS/Include -Os -ffunction-sections -fdata-sections -Wall -fstack-usage -MMD -MP -MF"Drivers/STM32F4xx_HAL_Driver/stm32f4xx_hal_tim_ex.d" -MT"Drivers/STM32F4xx_HAL_Driver/stm32f4xx_hal_tim_ex.o" --specs=nano.specs -mfpu=fpv4-sp-d16 -mfloat-abi=hard -mthumb -o "Drivers/STM32F4xx_HAL_Driver/stm32f4xx_hal_tim_ex.o"
arm-none-eabi-gcc -c "C:/Users/vivek/STM32Cube/Repository/STM32Cube_FW_F4_V1.25.2/Drivers/STM32F4xx_HAL_Driver/Src/stm32f4xx_hal_uart.c" -mcpu=cortex-m4 -std=gnu11 -g3 '-D__weak=__attribute__((weak))' '-D__packed=__attribute__((__packed__))' -DUSE_HAL_DRIVER -DSTM32F407xx -c -I../Inc -IC:/Users/vivek/STM32Cube/Repository/STM32Cube_FW_F4_V1.25.2/Drivers/STM32F4xx_HAL_Driver/Inc -IC:/Users/vivek/STM32Cube/Repository/STM32Cube_FW_F4_V1.25.2/Drivers/STM32F4xx_HAL_Driver/Inc/Legacy -IC:/Users/vivek/STM32Cube/Repository/STM32Cube_FW_F4_V1.25.2/Middlewares/Third_Party/FreeRTOS/Source/portable/GCC/ARM_CM4F -IC:/Users/vivek/STM32Cube/Repository/STM32Cube_FW_F4_V1.25.2/Drivers/CMSIS/Device/ST/STM32F4xx/Include -IC:/Users/vivek/STM32Cube/Repository/STM32Cube_FW_F4_V1.25.2/Middlewares/Third_Party/FreeRTOS/Source/include -IC:/Users/vivek/STM32Cube/Repository/STM32Cube_FW_F4_V1.25.2/Middlewares/Third_Party/FreeRTOS/Source/CMSIS_RTOS -IC:/Users/vivek/STM32Cube/Repository/STM32Cube_FW_F4_V1.25.2/Drivers/CMSIS/Include -Os -ffunction-sections -fdata-sections -Wall -fstack-usage -MMD -MP -MF"Drivers/STM32F4xx_HAL_Driver/stm32f4xx_hal_uart.d" -MT"Drivers/STM32F4xx_HAL_Driver/stm32f4xx_hal_uart.o" --specs=nano.specs -mfpu=fpv4-sp-d16 -mfloat-abi=hard -mthumb -o "Drivers/STM32F4xx_HAL_Driver/stm32f4xx_hal_uart.o"
arm-none-eabi-gcc -o "STM32F407_SPI_UART_FreeRTOS.elf" @"objects.list"   -mcpu=cortex-m4 -T"../STM32F407VG_FLASH.ld" --specs=nosys.specs -Wl,-Map="STM32F407_SPI_UART_FreeRTOS.map" -Wl,--gc-sections -static --specs=nano.specs -mfpu=fpv4-sp-d16 -mfloat-abi=hard -mthumb -Wl,--start-group -lc -lm -Wl,--end-group
Finished building target: STM32F407_SPI_UART_FreeRTOS.elf
 
arm-none-eabi-objdump -h -S  STM32F407_SPI_UART_FreeRTOS.elf  > "STM32F407_SPI_UART_FreeRTOS.list"
Finished building: STM32F407_SPI_UART_FreeRTOS.list
 
arm-none-eabi-objcopy  -O binary  STM32F407_SPI_UART_FreeRTOS.elf  "STM32F407_SPI_UART_FreeRTOS.bin"
Finished building: STM32F407_SPI_UART_FreeRTOS.bin
 
arm-none-eabi-size   STM32F407_SPI_UART_FreeRTOS.elf 
   text	   data	    bss	    dec	    hex	filename
  10164	     24	  17480	  27668	   6c14	STM32F407_SPI_UART_FreeRTOS.elf
Finished building: default.size.stdout
 
08:54:28 **** Incremental Build of configuration Debug for project STM32F407_SPI_UART_FreeRTOS ****
make all 
arm-none-eabi-size   STM32F407_SPI_UART_FreeRTOS.elf 
   text	   data	    bss	    dec	    hex	filename
  10164	     24	  17480	  27668	   6c14	STM32F407_SPI_UART_FreeRTOS.elf
Finished building: default.size.stdout
 
