Archive member included to satisfy reference by file (symbol)

c:/st/stm32cubeide_1.3.0/stm32cubeide/plugins/com.st.stm32cube.ide.mcu.externaltools.gnu-tools-for-stm32.7-2018-q2-update.win32_1.0.0.201904181610/tools/bin/../lib/gcc/arm-none-eabi/7.3.1/../../../../arm-none-eabi/lib/thumb/v7e-m/fpv4-sp/hard\libc_nano.a(lib_a-exit.o)
                              c:/st/stm32cubeide_1.3.0/stm32cubeide/plugins/com.st.stm32cube.ide.mcu.externaltools.gnu-tools-for-stm32.7-2018-q2-update.win32_1.0.0.201904181610/tools/bin/../lib/gcc/arm-none-eabi/7.3.1/../../../../arm-none-eabi/lib/thumb/v7e-m/fpv4-sp/hard/crt0.o (exit)
c:/st/stm32cubeide_1.3.0/stm32cubeide/plugins/com.st.stm32cube.ide.mcu.externaltools.gnu-tools-for-stm32.7-2018-q2-update.win32_1.0.0.201904181610/tools/bin/../lib/gcc/arm-none-eabi/7.3.1/../../../../arm-none-eabi/lib/thumb/v7e-m/fpv4-sp/hard\libc_nano.a(lib_a-impure.o)
                              c:/st/stm32cubeide_1.3.0/stm32cubeide/plugins/com.st.stm32cube.ide.mcu.externaltools.gnu-tools-for-stm32.7-2018-q2-update.win32_1.0.0.201904181610/tools/bin/../lib/gcc/arm-none-eabi/7.3.1/../../../../arm-none-eabi/lib/thumb/v7e-m/fpv4-sp/hard\libc_nano.a(lib_a-exit.o) (_global_impure_ptr)
c:/st/stm32cubeide_1.3.0/stm32cubeide/plugins/com.st.stm32cube.ide.mcu.externaltools.gnu-tools-for-stm32.7-2018-q2-update.win32_1.0.0.201904181610/tools/bin/../lib/gcc/arm-none-eabi/7.3.1/../../../../arm-none-eabi/lib/thumb/v7e-m/fpv4-sp/hard\libc_nano.a(lib_a-init.o)
                              c:/st/stm32cubeide_1.3.0/stm32cubeide/plugins/com.st.stm32cube.ide.mcu.externaltools.gnu-tools-for-stm32.7-2018-q2-update.win32_1.0.0.201904181610/tools/bin/../lib/gcc/arm-none-eabi/7.3.1/../../../../arm-none-eabi/lib/thumb/v7e-m/fpv4-sp/hard/crt0.o (__libc_init_array)
c:/st/stm32cubeide_1.3.0/stm32cubeide/plugins/com.st.stm32cube.ide.mcu.externaltools.gnu-tools-for-stm32.7-2018-q2-update.win32_1.0.0.201904181610/tools/bin/../lib/gcc/arm-none-eabi/7.3.1/../../../../arm-none-eabi/lib/thumb/v7e-m/fpv4-sp/hard\libc_nano.a(lib_a-memcpy-stub.o)
                              Middlewares/FreeRTOS/queue.o (memcpy)
c:/st/stm32cubeide_1.3.0/stm32cubeide/plugins/com.st.stm32cube.ide.mcu.externaltools.gnu-tools-for-stm32.7-2018-q2-update.win32_1.0.0.201904181610/tools/bin/../lib/gcc/arm-none-eabi/7.3.1/../../../../arm-none-eabi/lib/thumb/v7e-m/fpv4-sp/hard\libc_nano.a(lib_a-memset.o)
                              c:/st/stm32cubeide_1.3.0/stm32cubeide/plugins/com.st.stm32cube.ide.mcu.externaltools.gnu-tools-for-stm32.7-2018-q2-update.win32_1.0.0.201904181610/tools/bin/../lib/gcc/arm-none-eabi/7.3.1/../../../../arm-none-eabi/lib/thumb/v7e-m/fpv4-sp/hard/crt0.o (memset)
c:/st/stm32cubeide_1.3.0/stm32cubeide/plugins/com.st.stm32cube.ide.mcu.externaltools.gnu-tools-for-stm32.7-2018-q2-update.win32_1.0.0.201904181610/tools/bin/../lib/gcc/arm-none-eabi/7.3.1/thumb/v7e-m/fpv4-sp/hard\libgcc.a(_aeabi_ldivmod.o)
                              Drivers/STM32F4xx_HAL_Driver/stm32f4xx_hal_rcc.o (__aeabi_ldivmod)
c:/st/stm32cubeide_1.3.0/stm32cubeide/plugins/com.st.stm32cube.ide.mcu.externaltools.gnu-tools-for-stm32.7-2018-q2-update.win32_1.0.0.201904181610/tools/bin/../lib/gcc/arm-none-eabi/7.3.1/thumb/v7e-m/fpv4-sp/hard\libgcc.a(_aeabi_uldivmod.o)
                              Drivers/STM32F4xx_HAL_Driver/stm32f4xx_hal_rcc.o (__aeabi_uldivmod)
c:/st/stm32cubeide_1.3.0/stm32cubeide/plugins/com.st.stm32cube.ide.mcu.externaltools.gnu-tools-for-stm32.7-2018-q2-update.win32_1.0.0.201904181610/tools/bin/../lib/gcc/arm-none-eabi/7.3.1/thumb/v7e-m/fpv4-sp/hard\libgcc.a(_udivmoddi4.o)
                              c:/st/stm32cubeide_1.3.0/stm32cubeide/plugins/com.st.stm32cube.ide.mcu.externaltools.gnu-tools-for-stm32.7-2018-q2-update.win32_1.0.0.201904181610/tools/bin/../lib/gcc/arm-none-eabi/7.3.1/thumb/v7e-m/fpv4-sp/hard\libgcc.a(_aeabi_ldivmod.o) (__udivmoddi4)
c:/st/stm32cubeide_1.3.0/stm32cubeide/plugins/com.st.stm32cube.ide.mcu.externaltools.gnu-tools-for-stm32.7-2018-q2-update.win32_1.0.0.201904181610/tools/bin/../lib/gcc/arm-none-eabi/7.3.1/thumb/v7e-m/fpv4-sp/hard\libgcc.a(_dvmd_tls.o)
                              c:/st/stm32cubeide_1.3.0/stm32cubeide/plugins/com.st.stm32cube.ide.mcu.externaltools.gnu-tools-for-stm32.7-2018-q2-update.win32_1.0.0.201904181610/tools/bin/../lib/gcc/arm-none-eabi/7.3.1/thumb/v7e-m/fpv4-sp/hard\libgcc.a(_aeabi_ldivmod.o) (__aeabi_ldiv0)
c:/st/stm32cubeide_1.3.0/stm32cubeide/plugins/com.st.stm32cube.ide.mcu.externaltools.gnu-tools-for-stm32.7-2018-q2-update.win32_1.0.0.201904181610/tools/bin/../lib/gcc/arm-none-eabi/7.3.1/../../../../arm-none-eabi/lib/thumb/v7e-m/fpv4-sp/hard\libnosys.a(_exit.o)
                              c:/st/stm32cubeide_1.3.0/stm32cubeide/plugins/com.st.stm32cube.ide.mcu.externaltools.gnu-tools-for-stm32.7-2018-q2-update.win32_1.0.0.201904181610/tools/bin/../lib/gcc/arm-none-eabi/7.3.1/../../../../arm-none-eabi/lib/thumb/v7e-m/fpv4-sp/hard\libc_nano.a(lib_a-exit.o) (_exit)

Allocating common symbols
[...]
Memory Configuration

Name             Origin             Length             Attributes
RAM              0x0000000020000000 0x0000000000020000 xrw
CCMRAM           0x0000000010000000 0x0000000000010000 rw
FLASH            0x0000000008000000 0x0000000000100000 xr
*default*        0x0000000000000000 0xffffffffffffffff

Linker script and memory map

LOAD c:/st/stm32cubeide_1.3.0/stm32cubeide/plugins/com.st.stm32cube.ide.mcu.externaltools.gnu-tools-for-stm32.7-2018-q2-update.win32_1.0.0.201904181610/tools/bin/../lib/gcc/arm-none-eabi/7.3.1/thumb/v7e-m/fpv4-sp/hard/crti.o
LOAD c:/st/stm32cubeide_1.3.0/stm32cubeide/plugins/com.st.stm32cube.ide.mcu.externaltools.gnu-tools-for-stm32.7-2018-q2-update.win32_1.0.0.201904181610/tools/bin/../lib/gcc/arm-none-eabi/7.3.1/thumb/v7e-m/fpv4-sp/hard/crtbegin.o
LOAD c:/st/stm32cubeide_1.3.0/stm32cubeide/plugins/com.st.stm32cube.ide.mcu.externaltools.gnu-tools-for-stm32.7-2018-q2-update.win32_1.0.0.201904181610/tools/bin/../lib/gcc/arm-none-eabi/7.3.1/../../../../arm-none-eabi/lib/thumb/v7e-m/fpv4-sp/hard/crt0.o
LOAD Drivers/STM32F4xx_HAL_Driver/stm32f4xx_hal.o
LOAD Drivers/STM32F4xx_HAL_Driver/stm32f4xx_hal_cortex.o
LOAD Drivers/STM32F4xx_HAL_Driver/stm32f4xx_hal_dma.o
LOAD Drivers/STM32F4xx_HAL_Driver/stm32f4xx_hal_dma_ex.o
LOAD Drivers/STM32F4xx_HAL_Driver/stm32f4xx_hal_flash.o
LOAD Drivers/STM32F4xx_HAL_Driver/stm32f4xx_hal_flash_ex.o
LOAD Drivers/STM32F4xx_HAL_Driver/stm32f4xx_hal_flash_ramfunc.o
LOAD Drivers/STM32F4xx_HAL_Driver/stm32f4xx_hal_gpio.o
LOAD Drivers/STM32F4xx_HAL_Driver/stm32f4xx_hal_pwr.o
LOAD Drivers/STM32F4xx_HAL_Driver/stm32f4xx_hal_pwr_ex.o
LOAD Drivers/STM32F4xx_HAL_Driver/stm32f4xx_hal_rcc.o
LOAD Drivers/STM32F4xx_HAL_Driver/stm32f4xx_hal_rcc_ex.o
LOAD Drivers/STM32F4xx_HAL_Driver/stm32f4xx_hal_spi.o
LOAD Drivers/STM32F4xx_HAL_Driver/stm32f4xx_hal_tim.o
LOAD Drivers/STM32F4xx_HAL_Driver/stm32f4xx_hal_tim_ex.o
LOAD Drivers/STM32F4xx_HAL_Driver/stm32f4xx_hal_uart.o
LOAD Middlewares/FreeRTOS/cmsis_os.o
LOAD Middlewares/FreeRTOS/croutine.o
LOAD Middlewares/FreeRTOS/event_groups.o
LOAD Middlewares/FreeRTOS/heap_4.o
LOAD Middlewares/FreeRTOS/list.o
LOAD Middlewares/FreeRTOS/port.o
LOAD Middlewares/FreeRTOS/queue.o
LOAD Middlewares/FreeRTOS/stream_buffer.o
LOAD Middlewares/FreeRTOS/tasks.o
LOAD Middlewares/FreeRTOS/timers.o
LOAD Src/freertos.o
LOAD Src/main.o
LOAD Src/stm32f4xx_hal_msp.o
LOAD Src/stm32f4xx_hal_timebase_TIM.o
LOAD Src/stm32f4xx_it.o
LOAD Src/system_stm32f4xx.o
LOAD startup/startup_stm32f407xx.o
START GROUP
LOAD c:/st/stm32cubeide_1.3.0/stm32cubeide/plugins/com.st.stm32cube.ide.mcu.externaltools.gnu-tools-for-stm32.7-2018-q2-update.win32_1.0.0.201904181610/tools/bin/../lib/gcc/arm-none-eabi/7.3.1/../../../../arm-none-eabi/lib/thumb/v7e-m/fpv4-sp/hard\libc_nano.a
LOAD c:/st/stm32cubeide_1.3.0/stm32cubeide/plugins/com.st.stm32cube.ide.mcu.externaltools.gnu-tools-for-stm32.7-2018-q2-update.win32_1.0.0.201904181610/tools/bin/../lib/gcc/arm-none-eabi/7.3.1/../../../../arm-none-eabi/lib/thumb/v7e-m/fpv4-sp/hard\libm.a
END GROUP
START GROUP
LOAD c:/st/stm32cubeide_1.3.0/stm32cubeide/plugins/com.st.stm32cube.ide.mcu.externaltools.gnu-tools-for-stm32.7-2018-q2-update.win32_1.0.0.201904181610/tools/bin/../lib/gcc/arm-none-eabi/7.3.1/thumb/v7e-m/fpv4-sp/hard\libgcc.a
LOAD c:/st/stm32cubeide_1.3.0/stm32cubeide/plugins/com.st.stm32cube.ide.mcu.externaltools.gnu-tools-for-stm32.7-2018-q2-update.win32_1.0.0.201904181610/tools/bin/../lib/gcc/arm-none-eabi/7.3.1/../../../../arm-none-eabi/lib/thumb/v7e-m/fpv4-sp/hard\libc_nano.a
END GROUP
START GROUP
LOAD c:/st/stm32cubeide_1.3.0/stm32cubeide/plugins/com.st.stm32cube.ide.mcu.externaltools.gnu-tools-for-stm32.7-2018-q2-update.win32_1.0.0.201904181610/tools/bin/../lib/gcc/arm-none-eabi/7.3.1/thumb/v7e-m/fpv4-sp/hard\libgcc.a
LOAD c:/st/stm32cubeide_1.3.0/stm32cubeide/plugins/com.st.stm32cube.ide.mcu.externaltools.gnu-tools-for-stm32.7-2018-q2-update.win32_1.0.0.201904181610/tools/bin/../lib/gcc/arm-none-eabi/7.3.1/../../../../arm-none-eabi/lib/thumb/v7e-m/fpv4-sp/hard\libc_nano.a
LOAD c:/st/stm32cubeide_1.3.0/stm32cubeide/plugins/com.st.stm32cube.ide.mcu.externaltools.gnu-tools-for-stm32.7-2018-q2-update.win32_1.0.0.201904181610/tools/bin/../lib/gcc/arm-none-eabi/7.3.1/../../../../arm-none-eabi/lib/thumb/v7e-m/fpv4-sp/hard\libnosys.a
END GROUP
START GROUP
LOAD c:/st/stm32cubeide_1.3.0/stm32cubeide/plugins/com.st.stm32cube.ide.mcu.externaltools.gnu-tools-for-stm32.7-2018-q2-update.win32_1.0.0.201904181610/tools/bin/../lib/gcc/arm-none-eabi/7.3.1/thumb/v7e-m/fpv4-sp/hard\libgcc.a
LOAD c:/st/stm32cubeide_1.3.0/stm32cubeide/plugins/com.st.stm32cube.ide.mcu.externaltools.gnu-tools-for-stm32.7-2018-q2-update.win32_1.0.0.201904181610/tools/bin/../lib/gcc/arm-none-eabi/7.3.1/../../../../arm-none-eabi/lib/thumb/v7e-m/fpv4-sp/hard\libc_nano.a
LOAD c:/st/stm32cubeide_1.3.0/stm32cubeide/plugins/com.st.stm32cube.ide.mcu.externaltools.gnu-tools-for-stm32.7-2018-q2-update.win32_1.0.0.201904181610/tools/bin/../lib/gcc/arm-none-eabi/7.3.1/../../../../arm-none-eabi/lib/thumb/v7e-m/fpv4-sp/hard\libnosys.a
END GROUP
LOAD c:/st/stm32cubeide_1.3.0/stm32cubeide/plugins/com.st.stm32cube.ide.mcu.externaltools.gnu-tools-for-stm32.7-2018-q2-update.win32_1.0.0.201904181610/tools/bin/../lib/gcc/arm-none-eabi/7.3.1/thumb/v7e-m/fpv4-sp/hard/crtend.o
LOAD c:/st/stm32cubeide_1.3.0/stm32cubeide/plugins/com.st.stm32cube.ide.mcu.externaltools.gnu-tools-for-stm32.7-2018-q2-update.win32_1.0.0.201904181610/tools/bin/../lib/gcc/arm-none-eabi/7.3.1/thumb/v7e-m/fpv4-sp/hard/crtn.o
                0x0000000020020000                _estack = 0x20020000
                0x0000000000000200                _Min_Heap_Size = 0x200
                0x0000000000000400                _Min_Stack_Size = 0x400

.isr_vector     0x0000000008000000      0x188
                0x0000000008000000                . = ALIGN (0x4)
 *(.isr_vector)
 .isr_vector    0x0000000008000000      0x188 startup/startup_stm32f407xx.o
                0x0000000008000000                g_pfnVectors
                0x0000000008000188                . = ALIGN (0x4)

.text           0x0000000008000190     0x25d0
                0x0000000008000190                . = ALIGN (0x4)
 *(.text)
 .text          0x0000000008000190       0x40 c:/st/stm32cubeide_1.3.0/stm32cubeide/plugins/com.st.stm32cube.ide.mcu.externaltools.gnu-tools-for-stm32.7-2018-q2-update.win32_1.0.0.201904181610/tools/bin/../lib/gcc/arm-none-eabi/7.3.1/thumb/v7e-m/fpv4-sp/hard/crtbegin.o
 .text          0x00000000080001d0       0x30 c:/st/stm32cubeide_1.3.0/stm32cubeide/plugins/com.st.stm32cube.ide.mcu.externaltools.gnu-tools-for-stm32.7-2018-q2-update.win32_1.0.0.201904181610/tools/bin/../lib/gcc/arm-none-eabi/7.3.1/thumb/v7e-m/fpv4-sp/hard\libgcc.a(_aeabi_uldivmod.o)
                0x00000000080001d0                __aeabi_uldivmod
 .text          0x0000000008000200      0x2cc c:/st/stm32cubeide_1.3.0/stm32cubeide/plugins/com.st.stm32cube.ide.mcu.externaltools.gnu-tools-for-stm32.7-2018-q2-update.win32_1.0.0.201904181610/tools/bin/../lib/gcc/arm-none-eabi/7.3.1/thumb/v7e-m/fpv4-sp/hard\libgcc.a(_udivmoddi4.o)
                0x0000000008000200                __udivmoddi4
 .text          0x00000000080004cc        0x4 c:/st/stm32cubeide_1.3.0/stm32cubeide/plugins/com.st.stm32cube.ide.mcu.externaltools.gnu-tools-for-stm32.7-2018-q2-update.win32_1.0.0.201904181610/tools/bin/../lib/gcc/arm-none-eabi/7.3.1/thumb/v7e-m/fpv4-sp/hard\libgcc.a(_dvmd_tls.o)
                0x00000000080004cc                __aeabi_idiv0
                0x00000000080004cc                __aeabi_ldiv0
 *(.text*)
 .text.HAL_Init
                0x00000000080004d0       0x34 Drivers/STM32F4xx_HAL_Driver/stm32f4xx_hal.o
                0x00000000080004d0                HAL_Init
 .text.HAL_IncTick
                0x0000000008000504       0x18 Drivers/STM32F4xx_HAL_Driver/stm32f4xx_hal.o
                0x0000000008000504                HAL_IncTick
 .text.HAL_GetTick
                0x000000000800051c        0xc Drivers/STM32F4xx_HAL_Driver/stm32f4xx_hal.o
                0x000000000800051c                HAL_GetTick
 .text.HAL_NVIC_SetPriorityGrouping
                0x0000000008000528       0x24 Drivers/STM32F4xx_HAL_Driver/stm32f4xx_hal_cortex.o
                0x0000000008000528                HAL_NVIC_SetPriorityGrouping
 .text.HAL_NVIC_SetPriority
                0x000000000800054c       0x68 Drivers/STM32F4xx_HAL_Driver/stm32f4xx_hal_cortex.o
                0x000000000800054c                HAL_NVIC_SetPriority
 .text.HAL_NVIC_EnableIRQ
                0x00000000080005b4       0x1c Drivers/STM32F4xx_HAL_Driver/stm32f4xx_hal_cortex.o
                0x00000000080005b4                HAL_NVIC_EnableIRQ
 .text.HAL_SYSTICK_Config
                0x00000000080005d0       0x2c Drivers/STM32F4xx_HAL_Driver/stm32f4xx_hal_cortex.o
                0x00000000080005d0                HAL_SYSTICK_Config
 .text.HAL_SYSTICK_CLKSourceConfig
                0x00000000080005fc       0x18 Drivers/STM32F4xx_HAL_Driver/stm32f4xx_hal_cortex.o
                0x00000000080005fc                HAL_SYSTICK_CLKSourceConfig
 .text.HAL_GPIO_Init
                0x0000000008000614      0x1c0 Drivers/STM32F4xx_HAL_Driver/stm32f4xx_hal_gpio.o
                0x0000000008000614                HAL_GPIO_Init
 .text.HAL_GPIO_WritePin
                0x00000000080007d4        0xa Drivers/STM32F4xx_HAL_Driver/stm32f4xx_hal_gpio.o
                0x00000000080007d4                HAL_GPIO_WritePin
 *fill*         0x00000000080007de        0x2 
 .text.HAL_RCC_OscConfig
                0x00000000080007e0      0x34c Drivers/STM32F4xx_HAL_Driver/stm32f4xx_hal_rcc.o
                0x00000000080007e0                HAL_RCC_OscConfig
 .text.HAL_RCC_GetSysClockFreq
                0x0000000008000b2c       0x5c Drivers/STM32F4xx_HAL_Driver/stm32f4xx_hal_rcc.o
                0x0000000008000b2c                HAL_RCC_GetSysClockFreq
 .text.HAL_RCC_ClockConfig
                0x0000000008000b88      0x134 Drivers/STM32F4xx_HAL_Driver/stm32f4xx_hal_rcc.o
                0x0000000008000b88                HAL_RCC_ClockConfig
 .text.HAL_RCC_GetHCLKFreq
                0x0000000008000cbc        0xc Drivers/STM32F4xx_HAL_Driver/stm32f4xx_hal_rcc.o
                0x0000000008000cbc                HAL_RCC_GetHCLKFreq
 .text.HAL_RCC_GetPCLK1Freq
                0x0000000008000cc8       0x20 Drivers/STM32F4xx_HAL_Driver/stm32f4xx_hal_rcc.o
                0x0000000008000cc8                HAL_RCC_GetPCLK1Freq
 .text.HAL_RCC_GetPCLK2Freq
                0x0000000008000ce8       0x20 Drivers/STM32F4xx_HAL_Driver/stm32f4xx_hal_rcc.o
                0x0000000008000ce8                HAL_RCC_GetPCLK2Freq
 .text.HAL_RCC_GetClockConfig
                0x0000000008000d08       0x3c Drivers/STM32F4xx_HAL_Driver/stm32f4xx_hal_rcc.o
                0x0000000008000d08                HAL_RCC_GetClockConfig
 .text.SPI_WaitFlagStateUntilTimeout.constprop.7
                0x0000000008000d44       0x76 Drivers/STM32F4xx_HAL_Driver/stm32f4xx_hal_spi.o
 .text.SPI_EndRxTransaction
                0x0000000008000dba       0x54 Drivers/STM32F4xx_HAL_Driver/stm32f4xx_hal_spi.o
 *fill*         0x0000000008000e0e        0x2 
 .text.SPI_EndRxTxTransaction
                0x0000000008000e10       0x58 Drivers/STM32F4xx_HAL_Driver/stm32f4xx_hal_spi.o
 .text.HAL_SPI_Init
                0x0000000008000e68       0x7a Drivers/STM32F4xx_HAL_Driver/stm32f4xx_hal_spi.o
                0x0000000008000e68                HAL_SPI_Init
 .text.HAL_SPI_TransmitReceive
                0x0000000008000ee2      0x1e0 Drivers/STM32F4xx_HAL_Driver/stm32f4xx_hal_spi.o
                0x0000000008000ee2                HAL_SPI_TransmitReceive
 .text.HAL_SPI_Receive
                0x00000000080010c2      0x12e Drivers/STM32F4xx_HAL_Driver/stm32f4xx_hal_spi.o
                0x00000000080010c2                HAL_SPI_Receive
 .text.HAL_TIM_Base_MspInit
                0x00000000080011f0        0x2 Drivers/STM32F4xx_HAL_Driver/stm32f4xx_hal_tim.o
                0x00000000080011f0                HAL_TIM_Base_MspInit
 .text.HAL_TIM_Base_Start_IT
                0x00000000080011f2       0x20 Drivers/STM32F4xx_HAL_Driver/stm32f4xx_hal_tim.o
                0x00000000080011f2                HAL_TIM_Base_Start_IT
 .text.HAL_TIM_OC_DelayElapsedCallback
                0x0000000008001212        0x2 Drivers/STM32F4xx_HAL_Driver/stm32f4xx_hal_tim.o
                0x0000000008001212                HAL_TIM_OC_DelayElapsedCallback
 .text.HAL_TIM_IC_CaptureCallback
                0x0000000008001214        0x2 Drivers/STM32F4xx_HAL_Driver/stm32f4xx_hal_tim.o
                0x0000000008001214                HAL_TIM_IC_CaptureCallback
 .text.HAL_TIM_PWM_PulseFinishedCallback
                0x0000000008001216        0x2 Drivers/STM32F4xx_HAL_Driver/stm32f4xx_hal_tim.o
                0x0000000008001216                HAL_TIM_PWM_PulseFinishedCallback
 .text.HAL_TIM_TriggerCallback
                0x0000000008001218        0x2 Drivers/STM32F4xx_HAL_Driver/stm32f4xx_hal_tim.o
                0x0000000008001218                HAL_TIM_TriggerCallback
 .text.HAL_TIM_IRQHandler
                0x000000000800121a      0x144 Drivers/STM32F4xx_HAL_Driver/stm32f4xx_hal_tim.o
                0x000000000800121a                HAL_TIM_IRQHandler
 *fill*         0x000000000800135e        0x2 
 .text.TIM_Base_SetConfig
                0x0000000008001360       0xcc Drivers/STM32F4xx_HAL_Driver/stm32f4xx_hal_tim.o
                0x0000000008001360                TIM_Base_SetConfig
 .text.HAL_TIM_Base_Init
                0x000000000800142c       0x34 Drivers/STM32F4xx_HAL_Driver/stm32f4xx_hal_tim.o
                0x000000000800142c                HAL_TIM_Base_Init
 .text.HAL_TIMEx_CommutCallback
                0x0000000008001460        0x2 Drivers/STM32F4xx_HAL_Driver/stm32f4xx_hal_tim_ex.o
                0x0000000008001460                HAL_TIMEx_CommutCallback
 .text.HAL_TIMEx_BreakCallback
                0x0000000008001462        0x2 Drivers/STM32F4xx_HAL_Driver/stm32f4xx_hal_tim_ex.o
                0x0000000008001462                HAL_TIMEx_BreakCallback
 .text.UART_SetConfig
                0x0000000008001464       0xe0 Drivers/STM32F4xx_HAL_Driver/stm32f4xx_hal_uart.o
 .text.UART_WaitOnFlagUntilTimeout.constprop.3
                0x0000000008001544       0x50 Drivers/STM32F4xx_HAL_Driver/stm32f4xx_hal_uart.o
 .text.HAL_UART_Init
                0x0000000008001594       0x5c Drivers/STM32F4xx_HAL_Driver/stm32f4xx_hal_uart.o
                0x0000000008001594                HAL_UART_Init
 .text.HAL_UART_Transmit
                0x00000000080015f0       0xb8 Drivers/STM32F4xx_HAL_Driver/stm32f4xx_hal_uart.o
                0x00000000080015f0                HAL_UART_Transmit
 .text.osKernelStart
                0x00000000080016a8        0xa Middlewares/FreeRTOS/cmsis_os.o
                0x00000000080016a8                osKernelStart
 .text.osThreadCreate
                0x00000000080016b2       0x30 Middlewares/FreeRTOS/cmsis_os.o
                0x00000000080016b2                osThreadCreate
 .text.osDelay  0x00000000080016e2       0x10 Middlewares/FreeRTOS/cmsis_os.o
                0x00000000080016e2                osDelay
 .text.osSystickHandler
                0x00000000080016f2       0x14 Middlewares/FreeRTOS/cmsis_os.o
                0x00000000080016f2                osSystickHandler
 *fill*         0x0000000008001706        0x2 
 .text.unlikely.prvInsertBlockIntoFreeList
                0x0000000008001708       0x48 Middlewares/FreeRTOS/heap_4.o
 .text.pvPortMalloc
                0x0000000008001750      0x118 Middlewares/FreeRTOS/heap_4.o
                0x0000000008001750                pvPortMalloc
 .text.vPortFree
                0x0000000008001868       0x70 Middlewares/FreeRTOS/heap_4.o
                0x0000000008001868                vPortFree
 .text.vListInitialise
                0x00000000080018d8       0x16 Middlewares/FreeRTOS/list.o
                0x00000000080018d8                vListInitialise
 .text.vListInitialiseItem
                0x00000000080018ee        0x6 Middlewares/FreeRTOS/list.o
                0x00000000080018ee                vListInitialiseItem
 .text.vListInsertEnd
                0x00000000080018f4       0x18 Middlewares/FreeRTOS/list.o
                0x00000000080018f4                vListInsertEnd
 .text.vListInsert
                0x000000000800190c       0x2e Middlewares/FreeRTOS/list.o
                0x000000000800190c                vListInsert
 .text.uxListRemove
                0x000000000800193a       0x22 Middlewares/FreeRTOS/list.o
                0x000000000800193a                uxListRemove
 .text.prvTaskExitError
                0x000000000800195c       0x40 Middlewares/FreeRTOS/port.o
 .text.unlikely.prvPortStartFirstTask
                0x000000000800199c       0x28 Middlewares/FreeRTOS/port.o
 .text.unlikely.vPortEnableVFP
                0x00000000080019c4       0x14 Middlewares/FreeRTOS/port.o
 .text.pxPortInitialiseStack
                0x00000000080019d8       0x2c Middlewares/FreeRTOS/port.o
                0x00000000080019d8                pxPortInitialiseStack
 *fill*         0x0000000008001a04        0xc 
 .text.SVC_Handler
                0x0000000008001a10       0x24 Middlewares/FreeRTOS/port.o
                0x0000000008001a10                SVC_Handler
 .text.vPortEnterCritical
                0x0000000008001a34       0x44 Middlewares/FreeRTOS/port.o
                0x0000000008001a34                vPortEnterCritical
 .text.vPortExitCritical
                0x0000000008001a78       0x28 Middlewares/FreeRTOS/port.o
                0x0000000008001a78                vPortExitCritical
 .text.PendSV_Handler
                0x0000000008001aa0       0x64 Middlewares/FreeRTOS/port.o
                0x0000000008001aa0                PendSV_Handler
 .text.xPortSysTickHandler
                0x0000000008001b04       0x2c Middlewares/FreeRTOS/port.o
                0x0000000008001b04                xPortSysTickHandler
 .text.vPortSetupTimerInterrupt
                0x0000000008001b30       0x34 Middlewares/FreeRTOS/port.o
                0x0000000008001b30                vPortSetupTimerInterrupt
 .text.xPortStartScheduler
                0x0000000008001b64      0x10c Middlewares/FreeRTOS/port.o
                0x0000000008001b64                xPortStartScheduler
 .text.prvResetNextTaskUnblockTime
                0x0000000008001c70       0x24 Middlewares/FreeRTOS/tasks.o
 .text.prvAddCurrentTaskToDelayedList
                0x0000000008001c94       0x8c Middlewares/FreeRTOS/tasks.o
 .text.prvIdleTask
                0x0000000008001d20       0x6c Middlewares/FreeRTOS/tasks.o
 .text.xTaskCreate
                0x0000000008001d8c      0x1a8 Middlewares/FreeRTOS/tasks.o
                0x0000000008001d8c                xTaskCreate
 .text.vTaskStartScheduler
                0x0000000008001f34       0x78 Middlewares/FreeRTOS/tasks.o
                0x0000000008001f34                vTaskStartScheduler
 .text.vTaskSuspendAll
                0x0000000008001fac       0x10 Middlewares/FreeRTOS/tasks.o
                0x0000000008001fac                vTaskSuspendAll
 .text.xTaskIncrementTick
                0x0000000008001fbc      0x124 Middlewares/FreeRTOS/tasks.o
                0x0000000008001fbc                xTaskIncrementTick
 .text.xTaskResumeAll
                0x00000000080020e0       0xec Middlewares/FreeRTOS/tasks.o
                0x00000000080020e0                xTaskResumeAll
 .text.vTaskDelay
                0x00000000080021cc       0x48 Middlewares/FreeRTOS/tasks.o
                0x00000000080021cc                vTaskDelay
 .text.vTaskSwitchContext
                0x0000000008002214       0x74 Middlewares/FreeRTOS/tasks.o
                0x0000000008002214                vTaskSwitchContext
 .text.xTaskGetSchedulerState
                0x0000000008002288       0x20 Middlewares/FreeRTOS/tasks.o
                0x0000000008002288                xTaskGetSchedulerState
 .text.UART_task1
                0x00000000080022a8        0xa Src/main.o
                0x00000000080022a8                UART_task1
 *fill*         0x00000000080022b2        0x2 
 .text.SPI_task2
                0x00000000080022b4       0x3c Src/main.o
                0x00000000080022b4                SPI_task2
 .text.StartDefaultTask
                0x00000000080022f0        0xa Src/main.o
                0x00000000080022f0                StartDefaultTask
 *fill*         0x00000000080022fa        0x2 
 .text.SystemClock_Config
                0x00000000080022fc       0xa8 Src/main.o
                0x00000000080022fc                SystemClock_Config
 .text.startup.main
                0x00000000080023a4      0x134 Src/main.o
                0x00000000080023a4                main
 .text.HAL_TIM_PeriodElapsedCallback
                0x00000000080024d8       0x14 Src/main.o
                0x00000000080024d8                HAL_TIM_PeriodElapsedCallback
 .text.HAL_MspInit
                0x00000000080024ec       0x60 Src/stm32f4xx_hal_msp.o
                0x00000000080024ec                HAL_MspInit
 .text.HAL_SPI_MspInit
                0x000000000800254c       0x4c Src/stm32f4xx_hal_msp.o
                0x000000000800254c                HAL_SPI_MspInit
 .text.HAL_UART_MspInit
                0x0000000008002598       0x50 Src/stm32f4xx_hal_msp.o
                0x0000000008002598                HAL_UART_MspInit
 .text.HAL_InitTick
                0x00000000080025e8       0x7c Src/stm32f4xx_hal_timebase_TIM.o
                0x00000000080025e8                HAL_InitTick
 .text.NMI_Handler
                0x0000000008002664        0x2 Src/stm32f4xx_it.o
                0x0000000008002664                NMI_Handler
 .text.HardFault_Handler
                0x0000000008002666        0x2 Src/stm32f4xx_it.o
                0x0000000008002666                HardFault_Handler
 .text.MemManage_Handler
                0x0000000008002668        0x2 Src/stm32f4xx_it.o
                0x0000000008002668                MemManage_Handler
 .text.BusFault_Handler
                0x000000000800266a        0x2 Src/stm32f4xx_it.o
                0x000000000800266a                BusFault_Handler
 .text.UsageFault_Handler
                0x000000000800266c        0x2 Src/stm32f4xx_it.o
                0x000000000800266c                UsageFault_Handler
 .text.DebugMon_Handler
                0x000000000800266e        0x2 Src/stm32f4xx_it.o
                0x000000000800266e                DebugMon_Handler
 .text.SysTick_Handler
                0x0000000008002670        0x4 Src/stm32f4xx_it.o
                0x0000000008002670                SysTick_Handler
 .text.TIM1_UP_TIM10_IRQHandler
                0x0000000008002674        0xc Src/stm32f4xx_it.o
                0x0000000008002674                TIM1_UP_TIM10_IRQHandler
 .text.SystemInit
                0x0000000008002680       0x1c Src/system_stm32f4xx.o
                0x0000000008002680                SystemInit
 .text.Reset_Handler
                0x000000000800269c       0x50 startup/startup_stm32f407xx.o
                0x000000000800269c                Reset_Handler
 .text.Default_Handler
                0x00000000080026ec        0x2 startup/startup_stm32f407xx.o
                0x00000000080026ec                RTC_Alarm_IRQHandler
                0x00000000080026ec                HASH_RNG_IRQHandler
                0x00000000080026ec                EXTI2_IRQHandler
                0x00000000080026ec                TIM8_CC_IRQHandler
                0x00000000080026ec                TIM1_CC_IRQHandler
                0x00000000080026ec                DMA2_Stream5_IRQHandler
                0x00000000080026ec                DMA1_Stream5_IRQHandler
                0x00000000080026ec                PVD_IRQHandler
                0x00000000080026ec                SDIO_IRQHandler
                0x00000000080026ec                TAMP_STAMP_IRQHandler
                0x00000000080026ec                CAN2_RX1_IRQHandler
                0x00000000080026ec                EXTI3_IRQHandler
                0x00000000080026ec                TIM8_TRG_COM_TIM14_IRQHandler
                0x00000000080026ec                TIM8_UP_TIM13_IRQHandler
                0x00000000080026ec                I2C3_ER_IRQHandler
                0x00000000080026ec                EXTI0_IRQHandler
                0x00000000080026ec                I2C2_EV_IRQHandler
                0x00000000080026ec                DMA1_Stream2_IRQHandler
                0x00000000080026ec                CAN1_RX0_IRQHandler
                0x00000000080026ec                FPU_IRQHandler
                0x00000000080026ec                OTG_HS_WKUP_IRQHandler
                0x00000000080026ec                CAN2_SCE_IRQHandler
                0x00000000080026ec                DMA2_Stream2_IRQHandler
                0x00000000080026ec                SPI1_IRQHandler
                0x00000000080026ec                TIM6_DAC_IRQHandler
                0x00000000080026ec                TIM1_BRK_TIM9_IRQHandler
                0x00000000080026ec                DCMI_IRQHandler
                0x00000000080026ec                CAN2_RX0_IRQHandler
                0x00000000080026ec                DMA2_Stream3_IRQHandler
                0x00000000080026ec                USART6_IRQHandler
                0x00000000080026ec                USART3_IRQHandler
                0x00000000080026ec                CAN1_RX1_IRQHandler
                0x00000000080026ec                UART5_IRQHandler
                0x00000000080026ec                DMA2_Stream0_IRQHandler
                0x00000000080026ec                TIM4_IRQHandler
                0x00000000080026ec                I2C1_EV_IRQHandler
                0x00000000080026ec                DMA1_Stream6_IRQHandler
                0x00000000080026ec                DMA1_Stream1_IRQHandler
                0x00000000080026ec                UART4_IRQHandler
                0x00000000080026ec                TIM3_IRQHandler
                0x00000000080026ec                RCC_IRQHandler
                0x00000000080026ec                TIM8_BRK_TIM12_IRQHandler
                0x00000000080026ec                Default_Handler
                0x00000000080026ec                EXTI15_10_IRQHandler
                0x00000000080026ec                ADC_IRQHandler
                0x00000000080026ec                DMA1_Stream7_IRQHandler
                0x00000000080026ec                TIM7_IRQHandler
                0x00000000080026ec                CAN2_TX_IRQHandler
                0x00000000080026ec                TIM5_IRQHandler
                0x00000000080026ec                DMA2_Stream7_IRQHandler
                0x00000000080026ec                I2C3_EV_IRQHandler
                0x00000000080026ec                EXTI9_5_IRQHandler
                0x00000000080026ec                RTC_WKUP_IRQHandler
                0x00000000080026ec                ETH_WKUP_IRQHandler
                0x00000000080026ec                SPI2_IRQHandler
                0x00000000080026ec                OTG_HS_EP1_IN_IRQHandler
                0x00000000080026ec                DMA1_Stream0_IRQHandler
                0x00000000080026ec                CAN1_TX_IRQHandler
                0x00000000080026ec                EXTI4_IRQHandler
                0x00000000080026ec                FSMC_IRQHandler
                0x00000000080026ec                ETH_IRQHandler
                0x00000000080026ec                OTG_HS_EP1_OUT_IRQHandler
                0x00000000080026ec                WWDG_IRQHandler
                0x00000000080026ec                TIM2_IRQHandler
                0x00000000080026ec                OTG_FS_WKUP_IRQHandler
                0x00000000080026ec                TIM1_TRG_COM_TIM11_IRQHandler
                0x00000000080026ec                OTG_HS_IRQHandler
                0x00000000080026ec                EXTI1_IRQHandler
                0x00000000080026ec                USART2_IRQHandler
                0x00000000080026ec                I2C2_ER_IRQHandler
                0x00000000080026ec                DMA2_Stream1_IRQHandler
                0x00000000080026ec                CAN1_SCE_IRQHandler
                0x00000000080026ec                FLASH_IRQHandler
                0x00000000080026ec                DMA2_Stream4_IRQHandler
                0x00000000080026ec                USART1_IRQHandler
                0x00000000080026ec                OTG_FS_IRQHandler
                0x00000000080026ec                SPI3_IRQHandler
                0x00000000080026ec                DMA1_Stream4_IRQHandler
                0x00000000080026ec                I2C1_ER_IRQHandler
                0x00000000080026ec                DMA2_Stream6_IRQHandler
                0x00000000080026ec                DMA1_Stream3_IRQHandler
 *fill*         0x00000000080026ee        0x2 
 .text.__libc_init_array
                0x00000000080026f0       0x48 c:/st/stm32cubeide_1.3.0/stm32cubeide/plugins/com.st.stm32cube.ide.mcu.externaltools.gnu-tools-for-stm32.7-2018-q2-update.win32_1.0.0.201904181610/tools/bin/../lib/gcc/arm-none-eabi/7.3.1/../../../../arm-none-eabi/lib/thumb/v7e-m/fpv4-sp/hard\libc_nano.a(lib_a-init.o)
                0x00000000080026f0                __libc_init_array
 .text.memset   0x0000000008002738       0x10 c:/st/stm32cubeide_1.3.0/stm32cubeide/plugins/com.st.stm32cube.ide.mcu.externaltools.gnu-tools-for-stm32.7-2018-q2-update.win32_1.0.0.201904181610/tools/bin/../lib/gcc/arm-none-eabi/7.3.1/../../../../arm-none-eabi/lib/thumb/v7e-m/fpv4-sp/hard\libc_nano.a(lib_a-memset.o)
                0x0000000008002738                memset
 *(.glue_7)
 .glue_7        0x0000000008002748        0x0 linker stubs
 *(.glue_7t)
 .glue_7t       0x0000000008002748        0x0 linker stubs
 *(.eh_frame)
 .eh_frame      0x0000000008002748        0x0 c:/st/stm32cubeide_1.3.0/stm32cubeide/plugins/com.st.stm32cube.ide.mcu.externaltools.gnu-tools-for-stm32.7-2018-q2-update.win32_1.0.0.201904181610/tools/bin/../lib/gcc/arm-none-eabi/7.3.1/thumb/v7e-m/fpv4-sp/hard/crtbegin.o
 *(.init)
 .init          0x0000000008002748        0x4 c:/st/stm32cubeide_1.3.0/stm32cubeide/plugins/com.st.stm32cube.ide.mcu.externaltools.gnu-tools-for-stm32.7-2018-q2-update.win32_1.0.0.201904181610/tools/bin/../lib/gcc/arm-none-eabi/7.3.1/thumb/v7e-m/fpv4-sp/hard/crti.o
                0x0000000008002748                _init
 .init          0x000000000800274c        0x8 c:/st/stm32cubeide_1.3.0/stm32cubeide/plugins/com.st.stm32cube.ide.mcu.externaltools.gnu-tools-for-stm32.7-2018-q2-update.win32_1.0.0.201904181610/tools/bin/../lib/gcc/arm-none-eabi/7.3.1/thumb/v7e-m/fpv4-sp/hard/crtn.o
 *(.fini)
 .fini          0x0000000008002754        0x4 c:/st/stm32cubeide_1.3.0/stm32cubeide/plugins/com.st.stm32cube.ide.mcu.externaltools.gnu-tools-for-stm32.7-2018-q2-update.win32_1.0.0.201904181610/tools/bin/../lib/gcc/arm-none-eabi/7.3.1/thumb/v7e-m/fpv4-sp/hard/crti.o
                0x0000000008002754                _fini
 .fini          0x0000000008002758        0x8 c:/st/stm32cubeide_1.3.0/stm32cubeide/plugins/com.st.stm32cube.ide.mcu.externaltools.gnu-tools-for-stm32.7-2018-q2-update.win32_1.0.0.201904181610/tools/bin/../lib/gcc/arm-none-eabi/7.3.1/thumb/v7e-m/fpv4-sp/hard/crtn.o
                0x0000000008002760                . = ALIGN (0x4)
                0x0000000008002760                _etext = .

.vfp11_veneer   0x0000000008002760        0x0
 .vfp11_veneer  0x0000000008002760        0x0 linker stubs

.v4_bx          0x0000000008002760        0x0
 .v4_bx         0x0000000008002760        0x0 linker stubs

.iplt           0x0000000008002760        0x0
 .iplt          0x0000000008002760        0x0 c:/st/stm32cubeide_1.3.0/stm32cubeide/plugins/com.st.stm32cube.ide.mcu.externaltools.gnu-tools-for-stm32.7-2018-q2-update.win32_1.0.0.201904181610/tools/bin/../lib/gcc/arm-none-eabi/7.3.1/thumb/v7e-m/fpv4-sp/hard/crtbegin.o

.rodata         0x0000000008002760       0x54
                0x0000000008002760                . = ALIGN (0x4)
 *(.rodata)
 .rodata        0x0000000008002760       0x14 Src/main.o
 *(.rodata*)
 .rodata.vTaskStartScheduler.str1.1
                0x0000000008002774        0x5 Middlewares/FreeRTOS/tasks.o
 .rodata.main.str1.1
                0x0000000008002779       0x16 Src/main.o
 .rodata.str1.1
                0x000000000800278f        0xc Src/main.o
 .rodata.AHBPrescTable
                0x000000000800279b       0x10 Src/system_stm32f4xx.o
                0x000000000800279b                AHBPrescTable
 .rodata.APBPrescTable
                0x00000000080027ab        0x8 Src/system_stm32f4xx.o
                0x00000000080027ab                APBPrescTable
                0x00000000080027b4                . = ALIGN (0x4)
 *fill*         0x00000000080027b3        0x1 

.ARM.extab
 *(.ARM.extab* .gnu.linkonce.armextab.*)

.ARM            0x00000000080027b4        0x8
                0x00000000080027b4                __exidx_start = .
 *(.ARM.exidx*)
 .ARM.exidx     0x00000000080027b4        0x8 c:/st/stm32cubeide_1.3.0/stm32cubeide/plugins/com.st.stm32cube.ide.mcu.externaltools.gnu-tools-for-stm32.7-2018-q2-update.win32_1.0.0.201904181610/tools/bin/../lib/gcc/arm-none-eabi/7.3.1/thumb/v7e-m/fpv4-sp/hard\libgcc.a(_udivmoddi4.o)
                0x00000000080027bc                __exidx_end = .

.rel.dyn        0x00000000080027bc        0x0
 .rel.iplt      0x00000000080027bc        0x0 c:/st/stm32cubeide_1.3.0/stm32cubeide/plugins/com.st.stm32cube.ide.mcu.externaltools.gnu-tools-for-stm32.7-2018-q2-update.win32_1.0.0.201904181610/tools/bin/../lib/gcc/arm-none-eabi/7.3.1/thumb/v7e-m/fpv4-sp/hard/crtbegin.o

.preinit_array  0x00000000080027bc        0x0
                0x00000000080027bc                PROVIDE (__preinit_array_start = .)
 *(.preinit_array*)
                0x00000000080027bc                PROVIDE (__preinit_array_end = .)

.init_array     0x00000000080027bc        0x4
                0x00000000080027bc                PROVIDE (__init_array_start = .)
 *(SORT_BY_NAME(.init_array.*))
 *(.init_array*)
 .init_array    0x00000000080027bc        0x4 c:/st/stm32cubeide_1.3.0/stm32cubeide/plugins/com.st.stm32cube.ide.mcu.externaltools.gnu-tools-for-stm32.7-2018-q2-update.win32_1.0.0.201904181610/tools/bin/../lib/gcc/arm-none-eabi/7.3.1/thumb/v7e-m/fpv4-sp/hard/crtbegin.o
                0x00000000080027c0                PROVIDE (__init_array_end = .)

.fini_array     0x00000000080027c0        0x4
                [!provide]                        PROVIDE (__fini_array_start = .)
 *(SORT_BY_NAME(.fini_array.*))
 *(.fini_array*)
 .fini_array    0x00000000080027c0        0x4 c:/st/stm32cubeide_1.3.0/stm32cubeide/plugins/com.st.stm32cube.ide.mcu.externaltools.gnu-tools-for-stm32.7-2018-q2-update.win32_1.0.0.201904181610/tools/bin/../lib/gcc/arm-none-eabi/7.3.1/thumb/v7e-m/fpv4-sp/hard/crtbegin.o
                [!provide]                        PROVIDE (__fini_array_end = .)
                0x00000000080027c4                _sidata = LOADADDR (.data)

.data           0x0000000020000000       0x10 load address 0x00000000080027c4
                0x0000000020000000                . = ALIGN (0x4)
                0x0000000020000000                _sdata = .
 *(.data)
 *(.data*)
 .data.uwTickFreq
                0x0000000020000000        0x1 Drivers/STM32F4xx_HAL_Driver/stm32f4xx_hal.o
                0x0000000020000000                uwTickFreq
 *fill*         0x0000000020000001        0x3 
 .data.uwTickPrio
                0x0000000020000004        0x4 Drivers/STM32F4xx_HAL_Driver/stm32f4xx_hal.o
                0x0000000020000004                uwTickPrio
 .data.uxCriticalNesting
                0x0000000020000008        0x4 Middlewares/FreeRTOS/port.o
 .data.SystemCoreClock
                0x000000002000000c        0x4 Src/system_stm32f4xx.o
                0x000000002000000c                SystemCoreClock
                0x0000000020000010                . = ALIGN (0x4)
                0x0000000020000010                _edata = .
                0x00000000080027d4                _siccmram = LOADADDR (.ccmram)

.igot.plt       0x0000000020000010        0x0 load address 0x00000000080027d4
 .igot.plt      0x0000000020000010        0x0 c:/st/stm32cubeide_1.3.0/stm32cubeide/plugins/com.st.stm32cube.ide.mcu.externaltools.gnu-tools-for-stm32.7-2018-q2-update.win32_1.0.0.201904181610/tools/bin/../lib/gcc/arm-none-eabi/7.3.1/thumb/v7e-m/fpv4-sp/hard/crtbegin.o

.ccmram         0x0000000010000000        0x0 load address 0x00000000080027d4
                0x0000000010000000                . = ALIGN (0x4)
                0x0000000010000000                _sccmram = .
 *(.ccmram)
 *(.ccmram*)
                0x0000000010000000                . = ALIGN (0x4)
                0x0000000010000000                _eccmram = .
                0x0000000010000000                . = ALIGN (0x4)

.bss            0x0000000020000010     0x3e48
                0x0000000020000010                _sbss = .
                0x0000000020000010                __bss_start__ = _sbss
 *(.bss)
 .bss           0x0000000020000010       0x1c c:/st/stm32cubeide_1.3.0/stm32cubeide/plugins/com.st.stm32cube.ide.mcu.externaltools.gnu-tools-for-stm32.7-2018-q2-update.win32_1.0.0.201904181610/tools/bin/../lib/gcc/arm-none-eabi/7.3.1/thumb/v7e-m/fpv4-sp/hard/crtbegin.o
 *(.bss*)
 .bss.pxEnd     0x000000002000002c        0x4 Middlewares/FreeRTOS/heap_4.o
 .bss.ucHeap    0x0000000020000030     0x3c00 Middlewares/FreeRTOS/heap_4.o
 .bss.xBlockAllocatedBit
                0x0000000020003c30        0x4 Middlewares/FreeRTOS/heap_4.o
 .bss.xFreeBytesRemaining
                0x0000000020003c34        0x4 Middlewares/FreeRTOS/heap_4.o
 .bss.xMinimumEverFreeBytesRemaining
                0x0000000020003c38        0x4 Middlewares/FreeRTOS/heap_4.o
 .bss.xStart    0x0000000020003c3c        0x8 Middlewares/FreeRTOS/heap_4.o
 .bss.ucMaxSysCallPriority
                0x0000000020003c44        0x1 Middlewares/FreeRTOS/port.o
 *fill*         0x0000000020003c45        0x3 
 .bss.ulMaxPRIGROUPValue
                0x0000000020003c48        0x4 Middlewares/FreeRTOS/port.o
 .bss.pxCurrentTCB
                0x0000000020003c4c        0x4 Middlewares/FreeRTOS/tasks.o
                0x0000000020003c4c                pxCurrentTCB
 .bss.pxDelayedTaskList
                0x0000000020003c50        0x4 Middlewares/FreeRTOS/tasks.o
 .bss.pxOverflowDelayedTaskList
                0x0000000020003c54        0x4 Middlewares/FreeRTOS/tasks.o
 .bss.pxReadyTasksLists
                0x0000000020003c58       0x8c Middlewares/FreeRTOS/tasks.o
 .bss.uxCurrentNumberOfTasks
                0x0000000020003ce4        0x4 Middlewares/FreeRTOS/tasks.o
 .bss.uxDeletedTasksWaitingCleanUp
                0x0000000020003ce8        0x4 Middlewares/FreeRTOS/tasks.o
 .bss.uxPendedTicks
                0x0000000020003cec        0x4 Middlewares/FreeRTOS/tasks.o
 .bss.uxSchedulerSuspended
                0x0000000020003cf0        0x4 Middlewares/FreeRTOS/tasks.o
 .bss.uxTaskNumber
                0x0000000020003cf4        0x4 Middlewares/FreeRTOS/tasks.o
 .bss.uxTopReadyPriority
                0x0000000020003cf8        0x4 Middlewares/FreeRTOS/tasks.o
 .bss.xDelayedTaskList1
                0x0000000020003cfc       0x14 Middlewares/FreeRTOS/tasks.o
 .bss.xDelayedTaskList2
                0x0000000020003d10       0x14 Middlewares/FreeRTOS/tasks.o
 .bss.xIdleTaskHandle
                0x0000000020003d24        0x4 Middlewares/FreeRTOS/tasks.o
 .bss.xNextTaskUnblockTime
                0x0000000020003d28        0x4 Middlewares/FreeRTOS/tasks.o
 .bss.xNumOfOverflows
                0x0000000020003d2c        0x4 Middlewares/FreeRTOS/tasks.o
 .bss.xPendingReadyList
                0x0000000020003d30       0x14 Middlewares/FreeRTOS/tasks.o
 .bss.xSchedulerRunning
                0x0000000020003d44        0x4 Middlewares/FreeRTOS/tasks.o
 .bss.xSuspendedTaskList
                0x0000000020003d48       0x14 Middlewares/FreeRTOS/tasks.o
 .bss.xTasksWaitingTermination
                0x0000000020003d5c       0x14 Middlewares/FreeRTOS/tasks.o
 .bss.xTickCount
                0x0000000020003d70        0x4 Middlewares/FreeRTOS/tasks.o
 .bss.xYieldPending
                0x0000000020003d74        0x4 Middlewares/FreeRTOS/tasks.o
 *(COMMON)
 COMMON         0x0000000020003d78        0x4 Drivers/STM32F4xx_HAL_Driver/stm32f4xx_hal.o
                0x0000000020003d78                uwTick
 COMMON         0x0000000020003d7c       0x9c Src/main.o
                0x0000000020003d7c                defaultTaskHandle
                0x0000000020003d80                hspi1
                0x0000000020003dd8                huart2
 COMMON         0x0000000020003e18       0x40 Src/stm32f4xx_hal_timebase_TIM.o
                0x0000000020003e18                htim1
                0x0000000020003e58                . = ALIGN (0x4)
                0x0000000020003e58                _ebss = .
                0x0000000020003e58                __bss_end__ = _ebss

._user_heap_stack
                0x0000000020003e58      0x600
                0x0000000020003e58                . = ALIGN (0x4)
                [!provide]                        PROVIDE (end = .)
                [!provide]                        PROVIDE (_end = .)
                0x0000000020004058                . = (. + _Min_Heap_Size)
 *fill*         0x0000000020003e58      0x200 
                0x0000000020004458                . = (. + _Min_Stack_Size)
 *fill*         0x0000000020004058      0x400 
                0x0000000020004458                . = ALIGN (0x4)

/DISCARD/
 libc.a(*)
 libm.a(*)
 libgcc.a(*)

.ARM.attributes
                0x0000000000000000       0x30
 *(.ARM.attributes)
 .ARM.attributes
                0x0000000000000000       0x22 c:/st/stm32cubeide_1.3.0/stm32cubeide/plugins/com.st.stm32cube.ide.mcu.externaltools.gnu-tools-for-stm32.7-2018-q2-update.win32_1.0.0.201904181610/tools/bin/../lib/gcc/arm-none-eabi/7.3.1/thumb/v7e-m/fpv4-sp/hard/crti.o
 .ARM.attributes
                0x0000000000000022       0x34 c:/st/stm32cubeide_1.3.0/stm32cubeide/plugins/com.st.stm32cube.ide.mcu.externaltools.gnu-tools-for-stm32.7-2018-q2-update.win32_1.0.0.201904181610/tools/bin/../lib/gcc/arm-none-eabi/7.3.1/thumb/v7e-m/fpv4-sp/hard/crtbegin.o
 .ARM.attributes
                0x0000000000000056       0x39 Drivers/STM32F4xx_HAL_Driver/stm32f4xx_hal.o
 .ARM.attributes
                0x000000000000008f       0x39 Drivers/STM32F4xx_HAL_Driver/stm32f4xx_hal_cortex.o
 .ARM.attributes
                0x00000000000000c8       0x39 Drivers/STM32F4xx_HAL_Driver/stm32f4xx_hal_gpio.o
 .ARM.attributes
                0x0000000000000101       0x39 Drivers/STM32F4xx_HAL_Driver/stm32f4xx_hal_rcc.o
 .ARM.attributes
                0x000000000000013a       0x39 Drivers/STM32F4xx_HAL_Driver/stm32f4xx_hal_spi.o
 .ARM.attributes
                0x0000000000000173       0x39 Drivers/STM32F4xx_HAL_Driver/stm32f4xx_hal_tim.o
 .ARM.attributes
                0x00000000000001ac       0x39 Drivers/STM32F4xx_HAL_Driver/stm32f4xx_hal_tim_ex.o
 .ARM.attributes
                0x00000000000001e5       0x39 Drivers/STM32F4xx_HAL_Driver/stm32f4xx_hal_uart.o
 .ARM.attributes
                0x000000000000021e       0x39 Middlewares/FreeRTOS/cmsis_os.o
 .ARM.attributes
                0x0000000000000257       0x39 Middlewares/FreeRTOS/heap_4.o
 .ARM.attributes
                0x0000000000000290       0x39 Middlewares/FreeRTOS/list.o
 .ARM.attributes
                0x00000000000002c9       0x39 Middlewares/FreeRTOS/port.o
 .ARM.attributes
                0x0000000000000302       0x39 Middlewares/FreeRTOS/tasks.o
 .ARM.attributes
                0x000000000000033b       0x39 Src/main.o
 .ARM.attributes
                0x0000000000000374       0x39 Src/stm32f4xx_hal_msp.o
 .ARM.attributes
                0x00000000000003ad       0x39 Src/stm32f4xx_hal_timebase_TIM.o
 .ARM.attributes
                0x00000000000003e6       0x39 Src/stm32f4xx_it.o
 .ARM.attributes
                0x000000000000041f       0x39 Src/system_stm32f4xx.o
 .ARM.attributes
                0x0000000000000458       0x21 startup/startup_stm32f407xx.o
 .ARM.attributes
                0x0000000000000479       0x34 c:/st/stm32cubeide_1.3.0/stm32cubeide/plugins/com.st.stm32cube.ide.mcu.externaltools.gnu-tools-for-stm32.7-2018-q2-update.win32_1.0.0.201904181610/tools/bin/../lib/gcc/arm-none-eabi/7.3.1/../../../../arm-none-eabi/lib/thumb/v7e-m/fpv4-sp/hard\libc_nano.a(lib_a-init.o)
 .ARM.attributes
                0x00000000000004ad       0x34 c:/st/stm32cubeide_1.3.0/stm32cubeide/plugins/com.st.stm32cube.ide.mcu.externaltools.gnu-tools-for-stm32.7-2018-q2-update.win32_1.0.0.201904181610/tools/bin/../lib/gcc/arm-none-eabi/7.3.1/../../../../arm-none-eabi/lib/thumb/v7e-m/fpv4-sp/hard\libc_nano.a(lib_a-memset.o)
 .ARM.attributes
                0x00000000000004e1       0x22 c:/st/stm32cubeide_1.3.0/stm32cubeide/plugins/com.st.stm32cube.ide.mcu.externaltools.gnu-tools-for-stm32.7-2018-q2-update.win32_1.0.0.201904181610/tools/bin/../lib/gcc/arm-none-eabi/7.3.1/thumb/v7e-m/fpv4-sp/hard\libgcc.a(_aeabi_uldivmod.o)
 .ARM.attributes
                0x0000000000000503       0x34 c:/st/stm32cubeide_1.3.0/stm32cubeide/plugins/com.st.stm32cube.ide.mcu.externaltools.gnu-tools-for-stm32.7-2018-q2-update.win32_1.0.0.201904181610/tools/bin/../lib/gcc/arm-none-eabi/7.3.1/thumb/v7e-m/fpv4-sp/hard\libgcc.a(_udivmoddi4.o)
 .ARM.attributes
                0x0000000000000537       0x22 c:/st/stm32cubeide_1.3.0/stm32cubeide/plugins/com.st.stm32cube.ide.mcu.externaltools.gnu-tools-for-stm32.7-2018-q2-update.win32_1.0.0.201904181610/tools/bin/../lib/gcc/arm-none-eabi/7.3.1/thumb/v7e-m/fpv4-sp/hard\libgcc.a(_dvmd_tls.o)
 .ARM.attributes
                0x0000000000000559       0x22 c:/st/stm32cubeide_1.3.0/stm32cubeide/plugins/com.st.stm32cube.ide.mcu.externaltools.gnu-tools-for-stm32.7-2018-q2-update.win32_1.0.0.201904181610/tools/bin/../lib/gcc/arm-none-eabi/7.3.1/thumb/v7e-m/fpv4-sp/hard/crtn.o
OUTPUT(STM32F407_SPI_UART_FreeRTOS.elf elf32-littlearm)

.debug_info     0x0000000000000000    0x15489
 .debug_info    0x0000000000000000      0xa19 Drivers/STM32F4xx_HAL_Driver/stm32f4xx_hal.o
 .debug_info    0x0000000000000a19      0xf88 Drivers/STM32F4xx_HAL_Driver/stm32f4xx_hal_cortex.o
 .debug_info    0x00000000000019a1      0x7c7 Drivers/STM32F4xx_HAL_Driver/stm32f4xx_hal_gpio.o
 .debug_info    0x0000000000002168      0xaae Drivers/STM32F4xx_HAL_Driver/stm32f4xx_hal_rcc.o
 .debug_info    0x0000000000002c16     0x1d1c Drivers/STM32F4xx_HAL_Driver/stm32f4xx_hal_spi.o
 .debug_info    0x0000000000004932     0x3506 Drivers/STM32F4xx_HAL_Driver/stm32f4xx_hal_tim.o
 .debug_info    0x0000000000007e38     0x134d Drivers/STM32F4xx_HAL_Driver/stm32f4xx_hal_tim_ex.o
 .debug_info    0x0000000000009185     0x16c1 Drivers/STM32F4xx_HAL_Driver/stm32f4xx_hal_uart.o
 .debug_info    0x000000000000a846     0x24dd Middlewares/FreeRTOS/cmsis_os.o
 .debug_info    0x000000000000cd23      0xca2 Middlewares/FreeRTOS/heap_4.o
 .debug_info    0x000000000000d9c5      0xac8 Middlewares/FreeRTOS/list.o
 .debug_info    0x000000000000e48d      0x56f Middlewares/FreeRTOS/port.o
 .debug_info    0x000000000000e9fc     0x2ae9 Middlewares/FreeRTOS/tasks.o
 .debug_info    0x00000000000114e5     0x17c8 Src/main.o
 .debug_info    0x0000000000012cad      0xf5b Src/stm32f4xx_hal_msp.o
 .debug_info    0x0000000000013c08      0xc06 Src/stm32f4xx_hal_timebase_TIM.o
 .debug_info    0x000000000001480e      0x700 Src/stm32f4xx_it.o
 .debug_info    0x0000000000014f0e      0x559 Src/system_stm32f4xx.o
 .debug_info    0x0000000000015467       0x22 startup/startup_stm32f407xx.o

.debug_abbrev   0x0000000000000000     0x3047
 .debug_abbrev  0x0000000000000000      0x240 Drivers/STM32F4xx_HAL_Driver/stm32f4xx_hal.o
 .debug_abbrev  0x0000000000000240      0x328 Drivers/STM32F4xx_HAL_Driver/stm32f4xx_hal_cortex.o
 .debug_abbrev  0x0000000000000568      0x1f4 Drivers/STM32F4xx_HAL_Driver/stm32f4xx_hal_gpio.o
 .debug_abbrev  0x000000000000075c      0x2d0 Drivers/STM32F4xx_HAL_Driver/stm32f4xx_hal_rcc.o
 .debug_abbrev  0x0000000000000a2c      0x34f Drivers/STM32F4xx_HAL_Driver/stm32f4xx_hal_spi.o
 .debug_abbrev  0x0000000000000d7b      0x332 Drivers/STM32F4xx_HAL_Driver/stm32f4xx_hal_tim.o
 .debug_abbrev  0x00000000000010ad      0x2a3 Drivers/STM32F4xx_HAL_Driver/stm32f4xx_hal_tim_ex.o
 .debug_abbrev  0x0000000000001350      0x329 Drivers/STM32F4xx_HAL_Driver/stm32f4xx_hal_uart.o
 .debug_abbrev  0x0000000000001679      0x446 Middlewares/FreeRTOS/cmsis_os.o
 .debug_abbrev  0x0000000000001abf      0x317 Middlewares/FreeRTOS/heap_4.o
 .debug_abbrev  0x0000000000001dd6      0x1ed Middlewares/FreeRTOS/list.o
 .debug_abbrev  0x0000000000001fc3      0x23d Middlewares/FreeRTOS/port.o
 .debug_abbrev  0x0000000000002200      0x440 Middlewares/FreeRTOS/tasks.o
 .debug_abbrev  0x0000000000002640      0x36b Src/main.o
 .debug_abbrev  0x00000000000029ab      0x1c6 Src/stm32f4xx_hal_msp.o
 .debug_abbrev  0x0000000000002b71      0x1ee Src/stm32f4xx_hal_timebase_TIM.o
 .debug_abbrev  0x0000000000002d5f      0x1ab Src/stm32f4xx_it.o
 .debug_abbrev  0x0000000000002f0a      0x12b Src/system_stm32f4xx.o
 .debug_abbrev  0x0000000000003035       0x12 startup/startup_stm32f407xx.o

.debug_loc      0x0000000000000000     0x9a56
 .debug_loc     0x0000000000000000      0x115 Drivers/STM32F4xx_HAL_Driver/stm32f4xx_hal.o
 .debug_loc     0x0000000000000115      0x49b Drivers/STM32F4xx_HAL_Driver/stm32f4xx_hal_cortex.o
 .debug_loc     0x00000000000005b0      0x362 Drivers/STM32F4xx_HAL_Driver/stm32f4xx_hal_gpio.o
 .debug_loc     0x0000000000000912      0x336 Drivers/STM32F4xx_HAL_Driver/stm32f4xx_hal_rcc.o
 .debug_loc     0x0000000000000c48     0x167f Drivers/STM32F4xx_HAL_Driver/stm32f4xx_hal_spi.o
 .debug_loc     0x00000000000022c7     0x2f57 Drivers/STM32F4xx_HAL_Driver/stm32f4xx_hal_tim.o
 .debug_loc     0x000000000000521e      0xa55 Drivers/STM32F4xx_HAL_Driver/stm32f4xx_hal_tim_ex.o
 .debug_loc     0x0000000000005c73     0x1367 Drivers/STM32F4xx_HAL_Driver/stm32f4xx_hal_uart.o
 .debug_loc     0x0000000000006fda      0xf20 Middlewares/FreeRTOS/cmsis_os.o
 .debug_loc     0x0000000000007efa      0x3aa Middlewares/FreeRTOS/heap_4.o
 .debug_loc     0x00000000000082a4       0x94 Middlewares/FreeRTOS/list.o
 .debug_loc     0x0000000000008338       0xcf Middlewares/FreeRTOS/port.o
 .debug_loc     0x0000000000008407     0x13a7 Middlewares/FreeRTOS/tasks.o
 .debug_loc     0x00000000000097ae       0x4d Src/main.o
 .debug_loc     0x00000000000097fb       0x9a Src/stm32f4xx_hal_msp.o
 .debug_loc     0x0000000000009895       0xa5 Src/stm32f4xx_hal_timebase_TIM.o
 .debug_loc     0x000000000000993a      0x11c Src/system_stm32f4xx.o

.debug_aranges  0x0000000000000000      0xe48
 .debug_aranges
                0x0000000000000000       0xe8 Drivers/STM32F4xx_HAL_Driver/stm32f4xx_hal.o
 .debug_aranges
                0x00000000000000e8       0xa8 Drivers/STM32F4xx_HAL_Driver/stm32f4xx_hal_cortex.o
 .debug_aranges
                0x0000000000000190       0x58 Drivers/STM32F4xx_HAL_Driver/stm32f4xx_hal_gpio.o
 .debug_aranges
                0x00000000000001e8       0x88 Drivers/STM32F4xx_HAL_Driver/stm32f4xx_hal_rcc.o
 .debug_aranges
                0x0000000000000270      0x188 Drivers/STM32F4xx_HAL_Driver/stm32f4xx_hal_spi.o
 .debug_aranges
                0x00000000000003f8      0x278 Drivers/STM32F4xx_HAL_Driver/stm32f4xx_hal_tim.o
 .debug_aranges
                0x0000000000000670       0xf8 Drivers/STM32F4xx_HAL_Driver/stm32f4xx_hal_tim_ex.o
 .debug_aranges
                0x0000000000000768      0x170 Drivers/STM32F4xx_HAL_Driver/stm32f4xx_hal_uart.o
 .debug_aranges
                0x00000000000008d8      0x190 Middlewares/FreeRTOS/cmsis_os.o
 .debug_aranges
                0x0000000000000a68       0x48 Middlewares/FreeRTOS/heap_4.o
 .debug_aranges
                0x0000000000000ab0       0x40 Middlewares/FreeRTOS/list.o
 .debug_aranges
                0x0000000000000af0       0x80 Middlewares/FreeRTOS/port.o
 .debug_aranges
                0x0000000000000b70      0x178 Middlewares/FreeRTOS/tasks.o
 .debug_aranges
                0x0000000000000ce8       0x50 Src/main.o
 .debug_aranges
                0x0000000000000d38       0x40 Src/stm32f4xx_hal_msp.o
 .debug_aranges
                0x0000000000000d78       0x30 Src/stm32f4xx_hal_timebase_TIM.o
 .debug_aranges
                0x0000000000000da8       0x50 Src/stm32f4xx_it.o
 .debug_aranges
                0x0000000000000df8       0x28 Src/system_stm32f4xx.o
 .debug_aranges
                0x0000000000000e20       0x28 startup/startup_stm32f407xx.o

.debug_ranges   0x0000000000000000     0x11f8
 .debug_ranges  0x0000000000000000       0xd8 Drivers/STM32F4xx_HAL_Driver/stm32f4xx_hal.o
 .debug_ranges  0x00000000000000d8      0x138 Drivers/STM32F4xx_HAL_Driver/stm32f4xx_hal_cortex.o
 .debug_ranges  0x0000000000000210       0x68 Drivers/STM32F4xx_HAL_Driver/stm32f4xx_hal_gpio.o
 .debug_ranges  0x0000000000000278       0xb0 Drivers/STM32F4xx_HAL_Driver/stm32f4xx_hal_rcc.o
 .debug_ranges  0x0000000000000328      0x240 Drivers/STM32F4xx_HAL_Driver/stm32f4xx_hal_spi.o
 .debug_ranges  0x0000000000000568      0x340 Drivers/STM32F4xx_HAL_Driver/stm32f4xx_hal_tim.o
 .debug_ranges  0x00000000000008a8       0xe8 Drivers/STM32F4xx_HAL_Driver/stm32f4xx_hal_tim_ex.o
 .debug_ranges  0x0000000000000990      0x160 Drivers/STM32F4xx_HAL_Driver/stm32f4xx_hal_uart.o
 .debug_ranges  0x0000000000000af0      0x180 Middlewares/FreeRTOS/cmsis_os.o
 .debug_ranges  0x0000000000000c70       0x38 Middlewares/FreeRTOS/heap_4.o
 .debug_ranges  0x0000000000000ca8       0x30 Middlewares/FreeRTOS/list.o
 .debug_ranges  0x0000000000000cd8       0x70 Middlewares/FreeRTOS/port.o
 .debug_ranges  0x0000000000000d48      0x2a0 Middlewares/FreeRTOS/tasks.o
 .debug_ranges  0x0000000000000fe8       0xf0 Src/main.o
 .debug_ranges  0x00000000000010d8       0x68 Src/stm32f4xx_hal_msp.o
 .debug_ranges  0x0000000000001140       0x40 Src/stm32f4xx_hal_timebase_TIM.o
 .debug_ranges  0x0000000000001180       0x40 Src/stm32f4xx_it.o
 .debug_ranges  0x00000000000011c0       0x18 Src/system_stm32f4xx.o
 .debug_ranges  0x00000000000011d8       0x20 startup/startup_stm32f407xx.o

.debug_macro    0x0000000000000000    0x22244
 .debug_macro   0x0000000000000000      0x23d Drivers/STM32F4xx_HAL_Driver/stm32f4xx_hal.o
 .debug_macro   0x000000000000023d      0xa66 Drivers/STM32F4xx_HAL_Driver/stm32f4xx_hal.o
 .debug_macro   0x0000000000000ca3       0x10 Drivers/STM32F4xx_HAL_Driver/stm32f4xx_hal.o
 .debug_macro   0x0000000000000cb3      0x186 Drivers/STM32F4xx_HAL_Driver/stm32f4xx_hal.o
 .debug_macro   0x0000000000000e39       0x2e Drivers/STM32F4xx_HAL_Driver/stm32f4xx_hal.o
 .debug_macro   0x0000000000000e67       0x2f Drivers/STM32F4xx_HAL_Driver/stm32f4xx_hal.o
 .debug_macro   0x0000000000000e96       0x22 Drivers/STM32F4xx_HAL_Driver/stm32f4xx_hal.o
 .debug_macro   0x0000000000000eb8       0x8e Drivers/STM32F4xx_HAL_Driver/stm32f4xx_hal.o
 .debug_macro   0x0000000000000f46       0x51 Drivers/STM32F4xx_HAL_Driver/stm32f4xx_hal.o
 .debug_macro   0x0000000000000f97       0xef Drivers/STM32F4xx_HAL_Driver/stm32f4xx_hal.o
 .debug_macro   0x0000000000001086       0x6a Drivers/STM32F4xx_HAL_Driver/stm32f4xx_hal.o
 .debug_macro   0x00000000000010f0      0x1df Drivers/STM32F4xx_HAL_Driver/stm32f4xx_hal.o
 .debug_macro   0x00000000000012cf       0x1c Drivers/STM32F4xx_HAL_Driver/stm32f4xx_hal.o
 .debug_macro   0x00000000000012eb       0x22 Drivers/STM32F4xx_HAL_Driver/stm32f4xx_hal.o
 .debug_macro   0x000000000000130d       0xdf Drivers/STM32F4xx_HAL_Driver/stm32f4xx_hal.o
 .debug_macro   0x00000000000013ec     0x102d Drivers/STM32F4xx_HAL_Driver/stm32f4xx_hal.o
 .debug_macro   0x0000000000002419      0x11f Drivers/STM32F4xx_HAL_Driver/stm32f4xx_hal.o
 .debug_macro   0x0000000000002538    0x15e3c Drivers/STM32F4xx_HAL_Driver/stm32f4xx_hal.o
 .debug_macro   0x0000000000018374       0x43 Drivers/STM32F4xx_HAL_Driver/stm32f4xx_hal.o
 .debug_macro   0x00000000000183b7     0x3659 Drivers/STM32F4xx_HAL_Driver/stm32f4xx_hal.o
 .debug_macro   0x000000000001ba10      0x174 Drivers/STM32F4xx_HAL_Driver/stm32f4xx_hal.o
 .debug_macro   0x000000000001bb84       0x4e Drivers/STM32F4xx_HAL_Driver/stm32f4xx_hal.o
 .debug_macro   0x000000000001bbd2      0x96b Drivers/STM32F4xx_HAL_Driver/stm32f4xx_hal.o
 .debug_macro   0x000000000001c53d      0x9fe Drivers/STM32F4xx_HAL_Driver/stm32f4xx_hal.o
 .debug_macro   0x000000000001cf3b      0x117 Drivers/STM32F4xx_HAL_Driver/stm32f4xx_hal.o
 .debug_macro   0x000000000001d052      0x13e Drivers/STM32F4xx_HAL_Driver/stm32f4xx_hal.o
 .debug_macro   0x000000000001d190       0x27 Drivers/STM32F4xx_HAL_Driver/stm32f4xx_hal.o
 .debug_macro   0x000000000001d1b7      0x287 Drivers/STM32F4xx_HAL_Driver/stm32f4xx_hal.o
 .debug_macro   0x000000000001d43e       0x5f Drivers/STM32F4xx_HAL_Driver/stm32f4xx_hal.o
 .debug_macro   0x000000000001d49d      0x236 Drivers/STM32F4xx_HAL_Driver/stm32f4xx_hal.o
 .debug_macro   0x000000000001d6d3      0x12c Drivers/STM32F4xx_HAL_Driver/stm32f4xx_hal.o
 .debug_macro   0x000000000001d7ff      0x21e Drivers/STM32F4xx_HAL_Driver/stm32f4xx_hal.o
 .debug_macro   0x000000000001da1d       0x2e Drivers/STM32F4xx_HAL_Driver/stm32f4xx_hal.o
 .debug_macro   0x000000000001da4b      0x11a Drivers/STM32F4xx_HAL_Driver/stm32f4xx_hal.o
 .debug_macro   0x000000000001db65       0x7e Drivers/STM32F4xx_HAL_Driver/stm32f4xx_hal.o
 .debug_macro   0x000000000001dbe3       0x89 Drivers/STM32F4xx_HAL_Driver/stm32f4xx_hal.o
 .debug_macro   0x000000000001dc6c      0x225 Drivers/STM32F4xx_HAL_Driver/stm32f4xx_hal.o
 .debug_macro   0x000000000001de91      0x8a0 Drivers/STM32F4xx_HAL_Driver/stm32f4xx_hal.o
 .debug_macro   0x000000000001e731       0x47 Drivers/STM32F4xx_HAL_Driver/stm32f4xx_hal.o
 .debug_macro   0x000000000001e778      0x287 Drivers/STM32F4xx_HAL_Driver/stm32f4xx_hal.o
 .debug_macro   0x000000000001e9ff      0x12d Drivers/STM32F4xx_HAL_Driver/stm32f4xx_hal.o
 .debug_macro   0x000000000001eb2c      0x1dd Drivers/STM32F4xx_HAL_Driver/stm32f4xx_hal_cortex.o
 .debug_macro   0x000000000001ed09      0x213 Drivers/STM32F4xx_HAL_Driver/stm32f4xx_hal_gpio.o
 .debug_macro   0x000000000001ef1c      0x201 Drivers/STM32F4xx_HAL_Driver/stm32f4xx_hal_rcc.o
 .debug_macro   0x000000000001f11d      0x1ec Drivers/STM32F4xx_HAL_Driver/stm32f4xx_hal_spi.o
 .debug_macro   0x000000000001f309      0x1de Drivers/STM32F4xx_HAL_Driver/stm32f4xx_hal_tim.o
 .debug_macro   0x000000000001f4e7      0x1dd Drivers/STM32F4xx_HAL_Driver/stm32f4xx_hal_tim_ex.o
 .debug_macro   0x000000000001f6c4      0x1de Drivers/STM32F4xx_HAL_Driver/stm32f4xx_hal_uart.o
 .debug_macro   0x000000000001f8a2      0x200 Middlewares/FreeRTOS/cmsis_os.o
 .debug_macro   0x000000000001faa2       0x40 Middlewares/FreeRTOS/cmsis_os.o
 .debug_macro   0x000000000001fae2       0x18 Middlewares/FreeRTOS/cmsis_os.o
 .debug_macro   0x000000000001fafa       0x94 Middlewares/FreeRTOS/cmsis_os.o
 .debug_macro   0x000000000001fb8e       0x3c Middlewares/FreeRTOS/cmsis_os.o
 .debug_macro   0x000000000001fbca       0x34 Middlewares/FreeRTOS/cmsis_os.o
 .debug_macro   0x000000000001fbfe       0x57 Middlewares/FreeRTOS/cmsis_os.o
 .debug_macro   0x000000000001fc55       0x52 Middlewares/FreeRTOS/cmsis_os.o
 .debug_macro   0x000000000001fca7       0x1f Middlewares/FreeRTOS/cmsis_os.o
 .debug_macro   0x000000000001fcc6       0x43 Middlewares/FreeRTOS/cmsis_os.o
 .debug_macro   0x000000000001fd09       0x20 Middlewares/FreeRTOS/cmsis_os.o
 .debug_macro   0x000000000001fd29      0x1a3 Middlewares/FreeRTOS/cmsis_os.o
 .debug_macro   0x000000000001fecc      0x330 Middlewares/FreeRTOS/cmsis_os.o
 .debug_macro   0x00000000000201fc       0x10 Middlewares/FreeRTOS/cmsis_os.o
 .debug_macro   0x000000000002020c       0x35 Middlewares/FreeRTOS/cmsis_os.o
 .debug_macro   0x0000000000020241       0x20 Middlewares/FreeRTOS/cmsis_os.o
 .debug_macro   0x0000000000020261       0xd2 Middlewares/FreeRTOS/cmsis_os.o
 .debug_macro   0x0000000000020333      0x15a Middlewares/FreeRTOS/cmsis_os.o
 .debug_macro   0x000000000002048d       0xde Middlewares/FreeRTOS/cmsis_os.o
 .debug_macro   0x000000000002056b       0x1c Middlewares/FreeRTOS/cmsis_os.o
 .debug_macro   0x0000000000020587       0x26 Middlewares/FreeRTOS/cmsis_os.o
 .debug_macro   0x00000000000205ad      0x4fd Middlewares/FreeRTOS/cmsis_os.o
 .debug_macro   0x0000000000020aaa       0xb5 Middlewares/FreeRTOS/cmsis_os.o
 .debug_macro   0x0000000000020b5f       0xaa Middlewares/FreeRTOS/cmsis_os.o
 .debug_macro   0x0000000000020c09       0x91 Middlewares/FreeRTOS/cmsis_os.o
 .debug_macro   0x0000000000020c9a       0x86 Middlewares/FreeRTOS/cmsis_os.o
 .debug_macro   0x0000000000020d20       0x69 Middlewares/FreeRTOS/cmsis_os.o
 .debug_macro   0x0000000000020d89       0x19 Middlewares/FreeRTOS/cmsis_os.o
 .debug_macro   0x0000000000020da2       0xcf Middlewares/FreeRTOS/cmsis_os.o
 .debug_macro   0x0000000000020e71       0xc7 Middlewares/FreeRTOS/cmsis_os.o
 .debug_macro   0x0000000000020f38      0x1b0 Middlewares/FreeRTOS/heap_4.o
 .debug_macro   0x00000000000210e8      0x189 Middlewares/FreeRTOS/list.o
 .debug_macro   0x0000000000021271      0x1a5 Middlewares/FreeRTOS/port.o
 .debug_macro   0x0000000000021416      0x27b Middlewares/FreeRTOS/tasks.o
 .debug_macro   0x0000000000021691       0x10 Middlewares/FreeRTOS/tasks.o
 .debug_macro   0x00000000000216a1      0x294 Src/main.o
 .debug_macro   0x0000000000021935       0xd8 Src/main.o
 .debug_macro   0x0000000000021a0d      0x1dd Src/stm32f4xx_hal_msp.o
 .debug_macro   0x0000000000021bea      0x1dd Src/stm32f4xx_hal_timebase_TIM.o
 .debug_macro   0x0000000000021dc7      0x29a Src/stm32f4xx_it.o
 .debug_macro   0x0000000000022061      0x1e3 Src/system_stm32f4xx.o

.debug_line     0x0000000000000000     0xcebf
 .debug_line    0x0000000000000000      0x9d8 Drivers/STM32F4xx_HAL_Driver/stm32f4xx_hal.o
 .debug_line    0x00000000000009d8      0xa56 Drivers/STM32F4xx_HAL_Driver/stm32f4xx_hal_cortex.o
 .debug_line    0x000000000000142e      0x9a4 Drivers/STM32F4xx_HAL_Driver/stm32f4xx_hal_gpio.o
 .debug_line    0x0000000000001dd2      0xa9f Drivers/STM32F4xx_HAL_Driver/stm32f4xx_hal_rcc.o
 .debug_line    0x0000000000002871     0x118b Drivers/STM32F4xx_HAL_Driver/stm32f4xx_hal_spi.o
 .debug_line    0x00000000000039fc     0x171a Drivers/STM32F4xx_HAL_Driver/stm32f4xx_hal_tim.o
 .debug_line    0x0000000000005116      0xc34 Drivers/STM32F4xx_HAL_Driver/stm32f4xx_hal_tim_ex.o
 .debug_line    0x0000000000005d4a     0x112c Drivers/STM32F4xx_HAL_Driver/stm32f4xx_hal_uart.o
 .debug_line    0x0000000000006e76      0xd41 Middlewares/FreeRTOS/cmsis_os.o
 .debug_line    0x0000000000007bb7      0x7d9 Middlewares/FreeRTOS/heap_4.o
 .debug_line    0x0000000000008390      0x722 Middlewares/FreeRTOS/list.o
 .debug_line    0x0000000000008ab2      0x6c0 Middlewares/FreeRTOS/port.o
 .debug_line    0x0000000000009172     0x102b Middlewares/FreeRTOS/tasks.o
 .debug_line    0x000000000000a19d      0xab8 Src/main.o
 .debug_line    0x000000000000ac55      0x815 Src/stm32f4xx_hal_msp.o
 .debug_line    0x000000000000b46a      0x7e5 Src/stm32f4xx_hal_timebase_TIM.o
 .debug_line    0x000000000000bc4f      0xa2d Src/stm32f4xx_it.o
 .debug_line    0x000000000000c67c      0x7c5 Src/system_stm32f4xx.o
 .debug_line    0x000000000000ce41       0x7e startup/startup_stm32f407xx.o

.debug_str      0x0000000000000000    0xd15dc
 .debug_str     0x0000000000000000    0xc3245 Drivers/STM32F4xx_HAL_Driver/stm32f4xx_hal.o
                                      0xc35d2 (size before relaxing)
 .debug_str     0x00000000000c3245      0x3d1 Drivers/STM32F4xx_HAL_Driver/stm32f4xx_hal_cortex.o
                                      0xc337c (size before relaxing)
 .debug_str     0x00000000000c3616      0x2cb Drivers/STM32F4xx_HAL_Driver/stm32f4xx_hal_gpio.o
                                      0xc2cff (size before relaxing)
 .debug_str     0x00000000000c38e1      0x3c8 Drivers/STM32F4xx_HAL_Driver/stm32f4xx_hal_rcc.o
                                      0xc2ed4 (size before relaxing)
 .debug_str     0x00000000000c3ca9      0x9bf Drivers/STM32F4xx_HAL_Driver/stm32f4xx_hal_spi.o
                                      0xc336a (size before relaxing)
 .debug_str     0x00000000000c4668      0xf68 Drivers/STM32F4xx_HAL_Driver/stm32f4xx_hal_tim.o
                                      0xc3c1f (size before relaxing)
 .debug_str     0x00000000000c55d0      0x50d Drivers/STM32F4xx_HAL_Driver/stm32f4xx_hal_tim_ex.o
                                      0xc3437 (size before relaxing)
 .debug_str     0x00000000000c5add      0x6c6 Drivers/STM32F4xx_HAL_Driver/stm32f4xx_hal_uart.o
                                      0xc3383 (size before relaxing)
 .debug_str     0x00000000000c61a3     0x93ef Middlewares/FreeRTOS/cmsis_os.o
                                       0xdd15 (size before relaxing)
 .debug_str     0x00000000000cf592      0x3ce Middlewares/FreeRTOS/heap_4.o
                                       0xb007 (size before relaxing)
 .debug_str     0x00000000000cf960      0x16a Middlewares/FreeRTOS/list.o
                                       0xa7f5 (size before relaxing)
 .debug_str     0x00000000000cfaca      0x863 Middlewares/FreeRTOS/port.o
                                       0x860d (size before relaxing)
 .debug_str     0x00000000000d032d     0x1000 Middlewares/FreeRTOS/tasks.o
                                       0xc9d0 (size before relaxing)
 .debug_str     0x00000000000d132d       0xf4 Src/main.o
                                      0xc94c5 (size before relaxing)
 .debug_str     0x00000000000d1421       0x1b Src/stm32f4xx_hal_msp.o
                                      0xc3582 (size before relaxing)
 .debug_str     0x00000000000d143c       0x61 Src/stm32f4xx_hal_timebase_TIM.o
                                      0xc3485 (size before relaxing)
 .debug_str     0x00000000000d149d       0xb6 Src/stm32f4xx_it.o
                                      0xc8737 (size before relaxing)
 .debug_str     0x00000000000d1553       0x5a Src/system_stm32f4xx.o
                                      0xc2a82 (size before relaxing)
 .debug_str     0x00000000000d15ad       0x2f startup/startup_stm32f407xx.o
                                         0x7a (size before relaxing)

.comment        0x0000000000000000       0x7b
 .comment       0x0000000000000000       0x7b Drivers/STM32F4xx_HAL_Driver/stm32f4xx_hal.o
                                         0x7c (size before relaxing)
 .comment       0x000000000000007b       0x7c Drivers/STM32F4xx_HAL_Driver/stm32f4xx_hal_cortex.o
 .comment       0x000000000000007b       0x7c Drivers/STM32F4xx_HAL_Driver/stm32f4xx_hal_gpio.o
 .comment       0x000000000000007b       0x7c Drivers/STM32F4xx_HAL_Driver/stm32f4xx_hal_rcc.o
 .comment       0x000000000000007b       0x7c Drivers/STM32F4xx_HAL_Driver/stm32f4xx_hal_spi.o
 .comment       0x000000000000007b       0x7c Drivers/STM32F4xx_HAL_Driver/stm32f4xx_hal_tim.o
 .comment       0x000000000000007b       0x7c Drivers/STM32F4xx_HAL_Driver/stm32f4xx_hal_tim_ex.o
 .comment       0x000000000000007b       0x7c Drivers/STM32F4xx_HAL_Driver/stm32f4xx_hal_uart.o
 .comment       0x000000000000007b       0x7c Middlewares/FreeRTOS/cmsis_os.o
 .comment       0x000000000000007b       0x7c Middlewares/FreeRTOS/heap_4.o
 .comment       0x000000000000007b       0x7c Middlewares/FreeRTOS/list.o
 .comment       0x000000000000007b       0x7c Middlewares/FreeRTOS/port.o
 .comment       0x000000000000007b       0x7c Middlewares/FreeRTOS/tasks.o
 .comment       0x000000000000007b       0x7c Src/main.o
 .comment       0x000000000000007b       0x7c Src/stm32f4xx_hal_msp.o
 .comment       0x000000000000007b       0x7c Src/stm32f4xx_hal_timebase_TIM.o
 .comment       0x000000000000007b       0x7c Src/stm32f4xx_it.o
 .comment       0x000000000000007b       0x7c Src/system_stm32f4xx.o

.debug_frame    0x0000000000000000     0x2aa4
 .debug_frame   0x0000000000000000      0x1f4 Drivers/STM32F4xx_HAL_Driver/stm32f4xx_hal.o
 .debug_frame   0x00000000000001f4      0x158 Drivers/STM32F4xx_HAL_Driver/stm32f4xx_hal_cortex.o
 .debug_frame   0x000000000000034c       0xd8 Drivers/STM32F4xx_HAL_Driver/stm32f4xx_hal_gpio.o
 .debug_frame   0x0000000000000424      0x13c Drivers/STM32F4xx_HAL_Driver/stm32f4xx_hal_rcc.o
 .debug_frame   0x0000000000000560      0x580 Drivers/STM32F4xx_HAL_Driver/stm32f4xx_hal_spi.o
 .debug_frame   0x0000000000000ae0      0x928 Drivers/STM32F4xx_HAL_Driver/stm32f4xx_hal_tim.o
 .debug_frame   0x0000000000001408      0x360 Drivers/STM32F4xx_HAL_Driver/stm32f4xx_hal_tim_ex.o
 .debug_frame   0x0000000000001768      0x4a0 Drivers/STM32F4xx_HAL_Driver/stm32f4xx_hal_uart.o
 .debug_frame   0x0000000000001c08      0x4d4 Middlewares/FreeRTOS/cmsis_os.o
 .debug_frame   0x00000000000020dc       0x98 Middlewares/FreeRTOS/heap_4.o
 .debug_frame   0x0000000000002174       0x6c Middlewares/FreeRTOS/list.o
 .debug_frame   0x00000000000021e0       0xfc Middlewares/FreeRTOS/port.o
 .debug_frame   0x00000000000022dc      0x4cc Middlewares/FreeRTOS/tasks.o
 .debug_frame   0x00000000000027a8       0xb8 Src/main.o
 .debug_frame   0x0000000000002860       0x7c Src/stm32f4xx_hal_msp.o
 .debug_frame   0x00000000000028dc       0x54 Src/stm32f4xx_hal_timebase_TIM.o
 .debug_frame   0x0000000000002930       0x90 Src/stm32f4xx_it.o
 .debug_frame   0x00000000000029c0       0x38 Src/system_stm32f4xx.o
 .debug_frame   0x00000000000029f8       0x2c c:/st/stm32cubeide_1.3.0/stm32cubeide/plugins/com.st.stm32cube.ide.mcu.externaltools.gnu-tools-for-stm32.7-2018-q2-update.win32_1.0.0.201904181610/tools/bin/../lib/gcc/arm-none-eabi/7.3.1/../../../../arm-none-eabi/lib/thumb/v7e-m/fpv4-sp/hard\libc_nano.a(lib_a-init.o)
 .debug_frame   0x0000000000002a24       0x20 c:/st/stm32cubeide_1.3.0/stm32cubeide/plugins/com.st.stm32cube.ide.mcu.externaltools.gnu-tools-for-stm32.7-2018-q2-update.win32_1.0.0.201904181610/tools/bin/../lib/gcc/arm-none-eabi/7.3.1/../../../../arm-none-eabi/lib/thumb/v7e-m/fpv4-sp/hard\libc_nano.a(lib_a-memset.o)
 .debug_frame   0x0000000000002a44       0x2c c:/st/stm32cubeide_1.3.0/stm32cubeide/plugins/com.st.stm32cube.ide.mcu.externaltools.gnu-tools-for-stm32.7-2018-q2-update.win32_1.0.0.201904181610/tools/bin/../lib/gcc/arm-none-eabi/7.3.1/thumb/v7e-m/fpv4-sp/hard\libgcc.a(_aeabi_uldivmod.o)
 .debug_frame   0x0000000000002a70       0x34 c:/st/stm32cubeide_1.3.0/stm32cubeide/plugins/com.st.stm32cube.ide.mcu.externaltools.gnu-tools-for-stm32.7-2018-q2-update.win32_1.0.0.201904181610/tools/bin/../lib/gcc/arm-none-eabi/7.3.1/thumb/v7e-m/fpv4-sp/hard\libgcc.a(_udivmoddi4.o)
